digraph "BatteryAccess.cc" {
	node [label="\N", fontname=Helvetica, fontsize=10, shape=record];
	edge [fontname=Helvetica, fontsize=10, labelfontname=Helvetica, labelfontsize=10];
	graph [bb="0,0,457,380"];
	Node1 [label="BatteryAccess.cc", height="0.22", width="1.25", color=black, fillcolor=grey75, style=filled, fontcolor=black, pos="257,364", rects="212,356,303,372"];
	Node2 [label="veins/base/modules\l/BatteryAccess.h", height="0.39", width="1.44", color=black, fillcolor=white, style=filled, URL="$_battery_access_8h.html", pos="314,306", rects="262,292,367,320"];
	Node3 [label="veins/base/utils/MiXiMDefs.h", height="0.22", width="2.17", color=black, fillcolor=white, style=filled, URL="$_mi_xi_m_defs_8h.html", pos="367,68", rects="289,60,446,76"];
	Node4 [label="omnetpp.h", height="0.22", width="0.86", color=grey75, fillcolor=white, style=filled, pos="162,16", rects="131,8,193,24"];
	Node5 [label="veins/base/utils/miximkerneldefs.h", height="0.22", width="2.50", color=black, fillcolor=white, style=filled, URL="$miximkerneldefs_8h.html", pos="367,16", rects="277,8,457,24"];
	Node6 [label="veins/base/modules\l/BaseModule.h", height="0.39", width="1.44", color=black, fillcolor=white, style=filled, URL="$_base_module_8h.html", pos="354,178", rects="302,164,407,192"];
	Node7 [label=sstream, height="0.22", width="0.64", color=grey75, fillcolor=white, style=filled, pos="350,120", rects="327,112,374,128"];
	Node8 [label="veins/base/utils/HostState.h", height="0.22", width="1.97", color=black, fillcolor=white, style=filled, URL="$_host_state_8h.html", pos="162,120", rects="91,112,233,128"];
	Node9 [label="veins/base/modules\l/BaseBattery.h", height="0.39", width="1.44", color=black, fillcolor=white, style=filled, URL="$_base_battery_8h.html", pos="274,242", rects="222,228,327,256"];
	Node10 [label="veins/base/utils/FindModule.h", height="0.22", width="2.17", color=black, fillcolor=white, style=filled, URL="$_find_module_8h.html", pos="78,242", rects="0,234,156,250"];
	Node1 -> Node2 [color=midnightblue, style=solid, pos="e,300,320 265,356 272,349 283,337 293,327"];
	Node2 -> Node3 [color=midnightblue, style=solid, pos="e,374,76 341,292 381,266 395,245 415,192 429,152 398,106 380,83"];
	Node3 -> Node4 [color=midnightblue, style=solid, pos="e,193,24 336,60 303,52 251,38 203,26"];
	Node3 -> Node5 [color=midnightblue, style=solid, pos="e,367,24 367,60 367,53 367,42 367,33"];
	Node2 -> Node6 [color=midnightblue, style=solid, pos="e,351,192 320,292 325,282 331,268 335,256 341,237 346,216 349,200"];
	Node6 -> Node7 [color=midnightblue, style=solid, pos="e,351,128 353,164 352,156 352,145 351,137"];
	Node6 -> Node4 [color=midnightblue, style=solid, pos="e,172,24 337,164 302,133 217,62 180,31"];
	Node6 -> Node3 [color=midnightblue, style=solid, pos="e,371,76 364,164 371,154 378,141 382,128 385,112 380,95 374,83"];
	Node6 -> Node8 [color=midnightblue, style=solid, pos="e,189,128 308,164 275,154 229,140 199,131"];
	Node8 -> Node4 [color=midnightblue, style=solid, pos="e,162,24 162,112 162,94 162,54 162,32"];
	Node8 -> Node3 [color=midnightblue, style=solid, pos="e,335,76 194,112 229,103 287,88 326,78"];
	Node2 -> Node9 [color=midnightblue, style=solid, pos="e,283,256 305,292 300,284 293,273 288,264"];
	Node9 -> Node4 [color=midnightblue, style=solid, pos="e,148,24 228,228 176,204 100,161 82,128 62,89 111,49 141,29"];
	Node9 -> Node3 [color=midnightblue, style=solid, pos="e,355,76 276,228 280,202 291,148 318,112 326,100 338,89 348,81"];
	Node9 -> Node6 [color=midnightblue, style=solid, pos="e,336,192 292,228 303,219 317,208 329,198"];
	Node9 -> Node8 [color=midnightblue, style=solid, pos="e,169,128 261,228 239,205 198,159 176,135"];
	Node1 -> Node10 [color=midnightblue, style=solid, pos="e,90,250 245,356 215,336 136,282 98,256"];
	Node10 -> Node4 [color=midnightblue, style=solid, pos="e,137,24 72,234 65,224 54,208 49,192 34,135 16,108 49,60 54,53 97,37 129,27"];
}
