digraph "DeciderToPhyInterface.h" {
	node [label="\N", fontname=Helvetica, fontsize=10, shape=record];
	edge [fontname=Helvetica, fontsize=10, labelfontname=Helvetica, labelfontsize=10];
	graph [bb="0,0,688,344"];
	Node1 [label="DeciderToPhyInterface.h", height="0.22", width="1.83", color=black, fillcolor=grey75, style=filled, fontcolor=black, pos="212,328", rects="146,320,279,336"];
	Node2 [label="BasePhyLayer.h", height="0.22", width="1.25", color=black, fillcolor=white, style=filled, URL="$_base_phy_layer_8h.html", pos="45,224", rects="0,216,90,232"];
	Node3 [label="BasePhyLayer.cc", height="0.22", width="1.28", color=black, fillcolor=white, style=filled, URL="$_base_phy_layer_8cc.html", pos="118,172", rects="72,164,165,180"];
	Node4 [label="PhyLayer80211p.h", height="0.22", width="1.33", color=black, fillcolor=white, style=filled, URL="$_phy_layer80211p_8h.html", pos="418,120", rects="370,112,467,128"];
	Node5 [label="Mac1609_4.h", height="0.22", width="1.00", color=black, fillcolor=white, style=filled, URL="$_mac1609__4_8h.html", pos="390,68", rects="354,60,427,76"];
	Node6 [label="Mac1609_4.cc", height="0.22", width="1.06", color=black, fillcolor=white, style=filled, URL="$_mac1609__4_8cc.html", pos="390,16", rects="352,8,428,24"];
	Node7 [label="PhyLayer80211p.cc", height="0.22", width="1.39", color=black, fillcolor=white, style=filled, URL="$_phy_layer80211p_8cc.html", pos="494,68", rects="444,60,544,76"];
	Node8 [label="Decider.h", height="0.22", width="0.75", color=black, fillcolor=white, style=filled, URL="$_decider_8h.html", pos="267,276", rects="240,268,295,284"];
	Node9 [label="BaseDecider.h", height="0.22", width="1.08", color=black, fillcolor=white, style=filled, URL="$_base_decider_8h.html", pos="413,224", rects="374,216,452,232"];
	Node10 [label="BaseDecider.cc", height="0.22", width="1.14", color=black, fillcolor=white, style=filled, URL="$_base_decider_8cc.html", pos="519,172", rects="478,164,560,180"];
	Node11 [label="Decider80211p.h", height="0.22", width="1.17", color=black, fillcolor=white, style=filled, URL="$_decider80211p_8h.html", pos="418,172", rects="376,164,461,180"];
	Node12 [label="Decider80211p.cc", height="0.22", width="1.22", color=black, fillcolor=white, style=filled, URL="$_decider80211p_8cc.html", pos="566,120", rects="522,112,611,128"];
	Node13 [label="SNRThresholdDecider.h", height="0.22", width="1.78", color=black, fillcolor=white, style=filled, URL="$_s_n_r_threshold_decider_8h.html", pos="294,172", rects="230,164,359,180"];
	Node14 [label="SNRThresholdDecider.cc", height="0.22", width="1.83", color=black, fillcolor=white, style=filled, URL="$_s_n_r_threshold_decider_8cc.html", pos="286,120", rects="220,112,353,128"];
	Node15 [label="Decider.cc", height="0.22", width="0.81", color=black, fillcolor=white, style=filled, URL="$_decider_8cc.html", pos="323,224", rects="294,216,353,232"];
	Node16 [label="PhyToMacControlInfo.h", height="0.22", width="1.81", color=black, fillcolor=white, style=filled, URL="$_phy_to_mac_control_info_8h.html", pos="211,224", rects="146,216,277,232"];
	Node17 [label="DeciderResult80211.h", height="0.22", width="1.53", color=black, fillcolor=white, style=filled, URL="$_decider_result80211_8h.html", pos="633,172", rects="578,164,688,180"];
	Node1 -> Node2 [dir=back, color=midnightblue, style=solid, pos="s,199,320 191,315 156,292 86,249 58,232"];
	Node2 -> Node3 [dir=back, color=midnightblue, style=solid, pos="s,56,216 63,211 77,201 95,188 106,180"];
	Node2 -> Node4 [dir=back, color=midnightblue, style=solid, pos="s,45,216 45,208 46,194 51,174 63,164 116,119 300,137 370,128"];
	Node4 -> Node5 [dir=back, color=midnightblue, style=solid, pos="s,414,112 410,105 405,95 399,84 395,76"];
	Node5 -> Node6 [dir=back, color=midnightblue, style=solid, pos="s,390,60 390,51 390,42 390,31 390,24"];
	Node4 -> Node7 [dir=back, color=midnightblue, style=solid, pos="s,430,112 437,107 451,97 470,84 482,76"];
	Node1 -> Node8 [dir=back, color=midnightblue, style=solid, pos="s,221,320 227,314 237,304 250,292 258,284"];
	Node8 -> Node9 [dir=back, color=midnightblue, style=solid, pos="s,289,268 298,265 325,255 366,241 390,232"];
	Node9 -> Node10 [dir=back, color=midnightblue, style=solid, pos="s,430,216 438,212 457,202 485,189 502,180"];
	Node9 -> Node11 [dir=back, color=midnightblue, style=solid, pos="s,414,216 415,207 416,198 416,187 417,180"];
	Node11 -> Node12 [dir=back, color=midnightblue, style=solid, pos="s,441,164 450,161 477,151 518,137 543,128"];
	Node11 -> Node7 [dir=back, color=midnightblue, style=solid, pos="s,433,164 440,159 452,151 466,140 475,128 486,112 491,88 493,76"];
	Node11 -> Node4 [dir=back, color=midnightblue, style=solid, pos="s,418,164 418,155 418,146 418,135 418,128"];
	Node9 -> Node13 [dir=back, color=midnightblue, style=solid, pos="s,395,216 387,212 364,203 332,189 312,180"];
	Node13 -> Node4 [dir=back, color=midnightblue, style=solid, pos="s,313,164 321,161 344,151 378,137 399,128"];
	Node13 -> Node14 [dir=back, color=midnightblue, style=solid, pos="s,293,164 292,156 291,146 289,136 287,128"];
	Node8 -> Node3 [dir=back, color=midnightblue, style=solid, pos="s,242,268 234,265 196,253 141,236 137,232 123,218 120,193 118,180"];
	Node8 -> Node15 [dir=back, color=midnightblue, style=solid, pos="s,276,268 283,262 293,252 306,240 314,232"];
	Node8 -> Node16 [dir=back, color=midnightblue, style=solid, pos="s,258,268 252,262 242,252 229,240 220,232"];
	Node16 -> Node3 [dir=back, color=midnightblue, style=solid, pos="s,196,216 188,212 171,202 148,189 132,180"];
	Node16 -> Node6 [dir=back, color=midnightblue, style=solid, pos="s,208,216 206,209 201,186 193,142 211,112 241,61 309,35 352,24"];
	Node8 -> Node17 [dir=back, color=midnightblue, style=solid, pos="s,295,268 304,265 307,265 310,264 314,264 379,250 396,250 461,232 516,216 580,192 612,180"];
	Node17 -> Node6 [dir=back, color=midnightblue, style=solid, pos="s,633,164 632,156 631,144 627,125 619,112 598,80 586,76 553,60 531,49 467,33 427,24"];
	Node17 -> Node12 [dir=back, color=midnightblue, style=solid, pos="s,623,164 616,158 603,149 587,136 577,128"];
}
