digraph "MacPkt_m.h" {
	node [label="\N", fontname=Helvetica, fontsize=10, shape=record];
	edge [fontname=Helvetica, fontsize=10, labelfontname=Helvetica, labelfontsize=10];
	graph [bb="0,0,253,188"];
	Node1 [label="MacPkt_m.h", height="0.22", width="1.03", color=black, fillcolor=grey75, style=filled, fontcolor=black, pos="103,172", rects="66,164,140,180"];
	Node2 [label="BaseMacLayer.cc", height="0.22", width="1.31", color=black, fillcolor=white, style=filled, URL="$_base_mac_layer_8cc.html", pos="47,120", rects="0,112,95,128"];
	Node3 [label="Mac80211Pkt_m.h", height="0.22", width="1.33", color=black, fillcolor=white, style=filled, URL="$_mac80211_pkt__m_8h.html", pos="160,120", rects="112,112,209,128"];
	Node4 [label="Mac1609_4.h", height="0.22", width="1.00", color=black, fillcolor=white, style=filled, URL="$_mac1609__4_8h.html", pos="111,68", rects="75,60,148,76"];
	Node5 [label="Mac1609_4.cc", height="0.22", width="1.06", color=black, fillcolor=white, style=filled, URL="$_mac1609__4_8cc.html", pos="111,16", rects="73,8,149,24"];
	Node6 [label="Decider80211p.cc", height="0.22", width="1.22", color=black, fillcolor=white, style=filled, URL="$_decider80211p_8cc.html", pos="209,68", rects="165,60,254,76"];
	Node1 -> Node2 [dir=back, color=midnightblue, style=solid, pos="s,94,164 87,158 77,148 64,136 56,128"];
	Node1 -> Node3 [dir=back, color=midnightblue, style=solid, pos="s,112,164 119,158 129,148 142,136 151,128"];
	Node3 -> Node4 [dir=back, color=midnightblue, style=solid, pos="s,152,112 146,105 137,96 126,84 119,76"];
	Node4 -> Node5 [dir=back, color=midnightblue, style=solid, pos="s,111,60 111,51 111,42 111,31 111,24"];
	Node3 -> Node6 [dir=back, color=midnightblue, style=solid, pos="s,168,112 174,105 183,96 194,84 201,76"];
}
