digraph "NicEntry.h" {
	node [label="\N", fontname=Helvetica, fontsize=10, shape=record];
	edge [fontname=Helvetica, fontsize=10, labelfontname=Helvetica, labelfontsize=10];
	graph [bb="0,0,1209,292"];
	Node1 [label="NicEntry.h", height="0.22", width="0.89", color=black, fillcolor=grey75, style=filled, fontcolor=black, pos="316,276", rects="284,268,348,284"];
	Node2 [label="BaseConnectionManager.h", height="0.22", width="1.94", color=black, fillcolor=white, style=filled, URL="$_base_connection_manager_8h.html", pos="691,224", rects="621,216,762,232"];
	Node3 [label="BaseConnectionManager.cc", height="0.22", width="2.00", color=black, fillcolor=white, style=filled, URL="$_base_connection_manager_8cc.html", pos="190,172", rects="118,164,263,180"];
	Node4 [label="ChannelAccess.cc", height="0.22", width="1.31", color=black, fillcolor=white, style=filled, URL="$_channel_access_8cc.html", pos="1080,172", rects="1033,164,1128,180"];
	Node5 [label="ConnectionManager.h", height="0.22", width="1.64", color=black, fillcolor=white, style=filled, URL="$_connection_manager_8h.html", pos="691,172", rects="632,164,750,180"];
	Node6 [label="ConnectionManager.cc", height="0.22", width="1.69", color=black, fillcolor=white, style=filled, URL="$_connection_manager_8cc.html", pos="318,120", rects="257,112,379,128"];
	Node7 [label="BaseWorldUtility.cc", height="0.22", width="1.50", color=black, fillcolor=white, style=filled, URL="$_base_world_utility_8cc.html", pos="450,172", rects="396,164,504,180"];
	Node8 [label="BasePhyLayer.cc", height="0.22", width="1.28", color=black, fillcolor=white, style=filled, URL="$_base_phy_layer_8cc.html", pos="568,172", rects="522,164,615,180"];
	Node9 [label="TraCIScenarioManager.h", height="0.22", width="1.83", color=black, fillcolor=white, style=filled, URL="$_tra_c_i_scenario_manager_8h.html", pos="834,172", rects="768,164,901,180"];
	Node10 [label="TraCIMobility.h", height="0.22", width="1.22", color=black, fillcolor=white, style=filled, URL="$_tra_c_i_mobility_8h.html", pos="957,120", rects="913,112,1002,128"];
	Node11 [label="TraCIDemo11p.h", height="0.22", width="1.25", color=black, fillcolor=white, style=filled, URL="$_tra_c_i_demo11p_8h.html", pos="1051,68", rects="1006,60,1096,76"];
	Node12 [label="TraCIDemo11p.cc", height="0.22", width="1.28", color=black, fillcolor=white, style=filled, URL="$_tra_c_i_demo11p_8cc.html", pos="1051,16", rects="1005,8,1098,24"];
	Node13 [label="TraCITestApp.h", height="0.22", width="1.22", color=black, fillcolor=white, style=filled, URL="$_tra_c_i_test_app_8h.html", pos="834,68", rects="790,60,879,76"];
	Node14 [label="TraCITestApp.cc", height="0.22", width="1.28", color=black, fillcolor=white, style=filled, URL="$_tra_c_i_test_app_8cc.html", pos="834,16", rects="788,8,880,24"];
	Node15 [label="TraCIMobility.cc", height="0.22", width="1.28", color=black, fillcolor=white, style=filled, URL="$_tra_c_i_mobility_8cc.html", pos="942,68", rects="896,60,989,76"];
	Node16 [label="TraCIScenarioManager.cc", height="0.22", width="1.89", color=black, fillcolor=white, style=filled, URL="$_tra_c_i_scenario_manager_8cc.html", pos="675,68", rects="607,60,743,76"];
	Node17 [label="TraCIScenarioManagerLaunchd.h", height="0.22", width="2.44", color=black, fillcolor=white, style=filled, URL="$_tra_c_i_scenario_manager_launchd_8h.html", pos="485,120", rects="397,112,574,128"];
	Node18 [label="TraCIScenarioManagerLaunchd.cc", height="0.22", width="2.50", color=black, fillcolor=white, style=filled, URL="$_tra_c_i_scenario_manager_launchd_8cc.html", pos="485,68", rects="395,60,575,76"];
	Node19 [label="TraCIScreenRecorder.cc", height="0.22", width="1.75", color=black, fillcolor=white, style=filled, URL="$_tra_c_i_screen_recorder_8cc.html", pos="692,120", rects="629,112,756,128"];
	Node20 [label="AnnotationManager.cc", height="0.22", width="1.69", color=black, fillcolor=white, style=filled, URL="$_annotation_manager_8cc.html", pos="834,120", rects="773,112,895,128"];
	Node21 [label="PhyLayer80211p.cc", height="0.22", width="1.39", color=black, fillcolor=white, style=filled, URL="$_phy_layer80211p_8cc.html", pos="1159,120", rects="1109,112,1209,128"];
	Node22 [label="PhyLayer80211p.h", height="0.22", width="1.33", color=black, fillcolor=white, style=filled, URL="$_phy_layer80211p_8h.html", pos="967,172", rects="919,164,1016,180"];
	Node23 [label="Mac1609_4.h", height="0.22", width="1.00", color=black, fillcolor=white, style=filled, URL="$_mac1609__4_8h.html", pos="1055,120", rects="1019,112,1092,128"];
	Node24 [label="Mac1609_4.cc", height="0.22", width="1.06", color=black, fillcolor=white, style=filled, URL="$_mac1609__4_8cc.html", pos="1152,68", rects="1114,60,1190,76"];
	Node25 [label="NicEntryDebug.h", height="0.22", width="1.33", color=black, fillcolor=white, style=filled, URL="$_nic_entry_debug_8h.html", pos="190,224", rects="142,216,239,232"];
	Node26 [label="NicEntryDebug.cc", height="0.22", width="1.39", color=black, fillcolor=white, style=filled, URL="$_nic_entry_debug_8cc.html", pos="50,172", rects="0,164,101,180"];
	Node27 [label="NicEntryDirect.h", height="0.22", width="1.31", color=black, fillcolor=white, style=filled, URL="$_nic_entry_direct_8h.html", pos="316,224", rects="269,216,363,232"];
	Node28 [label="NicEntryDirect.cc", height="0.22", width="1.36", color=black, fillcolor=white, style=filled, URL="$_nic_entry_direct_8cc.html", pos="329,172", rects="280,164,378,180"];
	Node1 -> Node2 [dir=back, color=midnightblue, style=solid, pos="s,348,268 356,266 399,259 540,242 624,232"];
	Node2 -> Node3 [dir=back, color=midnightblue, style=solid, pos="s,621,216 611,215 461,198 420,196 263,180"];
	Node2 -> Node4 [dir=back, color=midnightblue, style=solid, pos="s,758,216 767,215 837,207 942,193 1033,180"];
	Node2 -> Node5 [dir=back, color=midnightblue, style=solid, pos="s,691,216 691,207 691,198 691,187 691,180"];
	Node5 -> Node6 [dir=back, color=midnightblue, style=solid, pos="s,634,164 625,163 554,153 443,138 376,128"];
	Node2 -> Node7 [dir=back, color=midnightblue, style=solid, pos="s,654,216 645,214 599,204 530,189 488,180"];
	Node2 -> Node8 [dir=back, color=midnightblue, style=solid, pos="s,672,216 664,213 641,203 608,189 587,180"];
	Node2 -> Node9 [dir=back, color=midnightblue, style=solid, pos="s,713,216 722,213 749,203 788,189 812,180"];
	Node9 -> Node10 [dir=back, color=midnightblue, style=solid, pos="s,853,164 861,161 884,151 917,137 938,128"];
	Node10 -> Node11 [dir=back, color=midnightblue, style=solid, pos="s,972,112 980,108 997,98 1021,85 1036,76"];
	Node11 -> Node12 [dir=back, color=midnightblue, style=solid, pos="s,1051,60 1051,51 1051,42 1051,31 1051,24"];
	Node10 -> Node13 [dir=back, color=midnightblue, style=solid, pos="s,938,112 930,109 907,99 874,85 853,76"];
	Node13 -> Node14 [dir=back, color=midnightblue, style=solid, pos="s,834,60 834,51 834,42 834,31 834,24"];
	Node10 -> Node15 [dir=back, color=midnightblue, style=solid, pos="s,955,112 953,104 950,95 946,84 944,76"];
	Node10 -> Node16 [dir=back, color=midnightblue, style=solid, pos="s,914,112 905,110 852,100 769,85 719,76"];
	Node9 -> Node16 [dir=back, color=midnightblue, style=solid, pos="s,794,164 786,162 723,150 621,129 620,128 605,108 637,87 658,76"];
	Node9 -> Node17 [dir=back, color=midnightblue, style=solid, pos="s,780,164 771,163 706,153 602,138 539,128"];
	Node17 -> Node18 [dir=back, color=midnightblue, style=solid, pos="s,485,112 485,103 485,94 485,83 485,76"];
	Node9 -> Node19 [dir=back, color=midnightblue, style=solid, pos="s,812,164 803,161 776,151 738,137 714,128"];
	Node9 -> Node20 [dir=back, color=midnightblue, style=solid, pos="s,834,164 834,155 834,146 834,135 834,128"];
	Node2 -> Node21 [dir=back, color=midnightblue, style=solid, pos="s,762,216 772,215 791,213 801,214 825,212 894,206 1080,222 1136,180 1152,167 1157,141 1158,128"];
	Node2 -> Node22 [dir=back, color=midnightblue, style=solid, pos="s,734,216 743,214 795,204 875,189 924,180"];
	Node22 -> Node23 [dir=back, color=midnightblue, style=solid, pos="s,981,164 989,159 1005,150 1027,137 1041,128"];
	Node23 -> Node24 [dir=back, color=midnightblue, style=solid, pos="s,1070,112 1078,108 1096,98 1121,85 1137,76"];
	Node22 -> Node21 [dir=back, color=midnightblue, style=solid, pos="s,997,164 1006,161 1042,151 1096,137 1129,128"];
	Node1 -> Node25 [dir=back, color=midnightblue, style=solid, pos="s,297,268 289,265 265,255 231,241 210,232"];
	Node25 -> Node3 [dir=back, color=midnightblue, style=solid, pos="s,190,216 190,207 190,198 190,187 190,180"];
	Node25 -> Node26 [dir=back, color=midnightblue, style=solid, pos="s,168,216 160,213 133,203 95,189 72,180"];
	Node1 -> Node27 [dir=back, color=midnightblue, style=solid, pos="s,316,268 316,259 316,250 316,239 316,232"];
	Node27 -> Node3 [dir=back, color=midnightblue, style=solid, pos="s,297,216 289,213 265,203 231,189 210,180"];
	Node27 -> Node28 [dir=back, color=midnightblue, style=solid, pos="s,318,216 320,208 323,199 325,188 327,180"];
}
