digraph "PhyUtils.h" {
	node [label="\N", fontname=Helvetica, fontsize=10, shape=record];
	edge [fontname=Helvetica, fontsize=10, labelfontname=Helvetica, labelfontsize=10];
	graph [bb="0,0,846,340"];
	Node1 [label="PhyUtils.h", height="0.22", width="0.83", color=black, fillcolor=grey75, style=filled, fontcolor=black, pos="563,324", rects="533,316,593,332"];
	Node2 [label=cassert, height="0.22", width="0.56", color=grey75, fillcolor=white, style=filled, pos="20,74", rects="0,66,41,82"];
	Node3 [label=list, height="0.22", width="0.39", color=grey75, fillcolor=white, style=filled, pos="754,266", rects="740,258,769,274"];
	Node4 [label="omnetpp.h", height="0.22", width="0.86", color=grey75, fillcolor=white, style=filled, pos="544,16", rects="513,8,575,24"];
	Node5 [label="veins/base/utils/MiXiMDefs.h", height="0.22", width="2.17", color=black, fillcolor=white, style=filled, URL="$_mi_xi_m_defs_8h.html", pos="650,74", rects="572,66,729,82"];
	Node6 [label="veins/base/utils/miximkerneldefs.h", height="0.22", width="2.50", color=black, fillcolor=white, style=filled, URL="$miximkerneldefs_8h.html", pos="683,16", rects="593,8,773,24"];
	Node7 [label="veins/base/phyLayer\l/AnalogueModel.h", height="0.39", width="1.56", color=black, fillcolor=white, style=filled, URL="$_analogue_model_8h.html", pos="666,266", rects="610,252,722,280"];
	Node8 [label="veins/base/utils/Coord.h", height="0.22", width="1.75", color=black, fillcolor=white, style=filled, URL="$_coord_8h.html", pos="749,202", rects="686,194,812,210"];
	Node9 [label="FWMath.h", height="0.22", width="0.86", color=black, fillcolor=white, style=filled, URL="$_f_w_math_8h.html", pos="815,138", rects="784,130,847,146"];
	Node10 [label="math.h", height="0.22", width="0.58", color=grey75, fillcolor=white, style=filled, pos="815,74", rects="794,66,837,82"];
	Node11 [label="veins/base/phyLayer\l/Mapping.h", height="0.39", width="1.56", color=black, fillcolor=white, style=filled, URL="$_mapping_8h.html", pos="433,266", rects="377,252,489,280"];
	Node12 [label="veins/base/phyLayer\l/MappingBase.h", height="0.39", width="1.56", color=black, fillcolor=white, style=filled, URL="$_mapping_base_8h.html", pos="329,138", rects="273,124,385,152"];
	Node13 [label=map, height="0.22", width="0.44", color=grey75, fillcolor=white, style=filled, pos="197,16", rects="181,8,213,24"];
	Node14 [label=set, height="0.22", width="0.39", color=grey75, fillcolor=white, style=filled, pos="448,74", rects="434,66,463,82"];
	Node15 [label=string, height="0.22", width="0.50", color=grey75, fillcolor=white, style=filled, pos="498,74", rects="480,66,517,82"];
	Node16 [label=algorithm, height="0.22", width="0.81", color=grey75, fillcolor=white, style=filled, pos="260,16", rects="231,8,289,24"];
	Node17 [label=sstream, height="0.22", width="0.64", color=grey75, fillcolor=white, style=filled, pos="81,74", rects="58,66,105,82"];
	Node18 [label=iomanip, height="0.22", width="0.69", color=grey75, fillcolor=white, style=filled, pos="147,74", rects="122,66,172,82"];
	Node19 [label="veins/base/phyLayer\l/Interpolation.h", height="0.39", width="1.56", color=black, fillcolor=white, style=filled, URL="$_interpolation_8h.html", pos="322,74", rects="266,60,378,88"];
	Node20 [label=limits, height="0.22", width="0.50", color=grey75, fillcolor=white, style=filled, pos="325,16", rects="307,8,343,24"];
	Node21 [label="assert.h", height="0.22", width="0.61", color=grey75, fillcolor=white, style=filled, pos="383,16", rects="361,8,406,24"];
	Node22 [label="veins/base/phyLayer\l/MappingUtils.h", height="0.39", width="1.56", color=black, fillcolor=white, style=filled, URL="$_mapping_utils_8h.html", pos="433,202", rects="377,188,489,216"];
	Node1 -> Node2 [color=midnightblue, style=solid, pos="e,31,82 533,316 460,298 437,307 368,280 232,227 88,125 38,88"];
	Node1 -> Node3 [color=midnightblue, style=solid, pos="e,747,274 593,316 658,299 681,313 739,281"];
	Node1 -> Node4 [color=midnightblue, style=solid, pos="e,544,24 561,316 556,296 544,245 544,202 544,202 544,202 544,138 544,99 544,54 544,31"];
	Node1 -> Node5 [color=midnightblue, style=solid, pos="e,647,82 566,316 578,280 627,140 644,91"];
	Node5 -> Node4 [color=midnightblue, style=solid, pos="e,559,24 635,66 617,56 587,39 566,28"];
	Node5 -> Node6 [color=midnightblue, style=solid, pos="e,678,24 655,66 660,57 668,43 674,32"];
	Node1 -> Node7 [color=midnightblue, style=solid, pos="e,641,280 577,316 592,308 614,295 632,285"];
	Node7 -> Node5 [color=midnightblue, style=solid, pos="e,651,82 665,252 662,218 655,130 652,92"];
	Node7 -> Node8 [color=midnightblue, style=solid, pos="e,738,210 684,252 699,241 718,226 732,215"];
	Node8 -> Node4 [color=midnightblue, style=solid, pos="e,575,24 751,194 757,170 771,99 737,60 690,8 650,38 585,26"];
	Node8 -> Node5 [color=midnightblue, style=solid, pos="e,656,82 743,194 727,173 684,118 662,90"];
	Node8 -> Node9 [color=midnightblue, style=solid, pos="e,806,146 757,194 768,184 787,165 800,152"];
	Node9 -> Node10 [color=midnightblue, style=solid, pos="e,815,82 815,130 815,121 815,104 815,91"];
	Node9 -> Node5 [color=midnightblue, style=solid, pos="e,673,82 798,130 793,128 788,126 784,124 750,110 709,94 682,85"];
	Node1 -> Node11 [color=midnightblue, style=solid, pos="e,464,280 545,316 526,308 498,295 473,284"];
	Node11 -> Node12 [color=midnightblue, style=solid, pos="e,334,152 410,252 396,243 380,230 368,216 353,199 343,176 337,159"];
	Node12 -> Node4 [color=midnightblue, style=solid, pos="e,514,24 345,124 368,104 408,69 425,60 450,46 482,34 506,26"];
	Node12 -> Node13 [color=midnightblue, style=solid, pos="e,202,24 278,124 265,112 252,96 245,88 229,69 214,45 206,30"];
	Node12 -> Node14 [color=midnightblue, style=solid, pos="e,440,82 365,124 386,115 412,104 433,89"];
	Node12 -> Node15 [color=midnightblue, style=solid, pos="e,488,82 376,124 413,113 461,97 480,88 480,88 480,88 480,88"];
	Node12 -> Node16 [color=midnightblue, style=solid, pos="e,257,24 296,124 281,116 265,104 257,88 248,70 251,46 255,31"];
	Node12 -> Node2 [color=midnightblue, style=solid, pos="e,31,82 273,124 170,103 138,125 41,88 40,88 40,87 39,87"];
	Node12 -> Node17 [color=midnightblue, style=solid, pos="e,94,82 273,124 198,106 176,115 105,88 104,88 103,87 103,87"];
	Node12 -> Node18 [color=midnightblue, style=solid, pos="e,161,82 276,124 245,115 206,103 172,88 171,88 170,87 170,87"];
	Node12 -> Node5 [color=midnightblue, style=solid, pos="e,606,82 385,124 425,115 532,96 597,84"];
	Node12 -> Node19 [color=midnightblue, style=solid, pos="e,323,88 327,124 326,116 325,106 324,98"];
	Node19 -> Node20 [color=midnightblue, style=solid, pos="e,325,24 323,60 324,52 324,41 324,33"];
	Node19 -> Node13 [color=midnightblue, style=solid, pos="e,213,24 290,60 271,51 246,39 222,28"];
	Node19 -> Node16 [color=midnightblue, style=solid, pos="e,269,24 307,60 297,51 285,39 275,30"];
	Node19 -> Node21 [color=midnightblue, style=solid, pos="e,375,24 337,60 347,51 359,39 369,30"];
	Node11 -> Node22 [color=midnightblue, style=solid, pos="e,433,216 433,252 433,244 433,235 433,226"];
	Node22 -> Node5 [color=midnightblue, style=solid, pos="e,636,82 457,188 500,163 587,110 628,87"];
	Node22 -> Node12 [color=midnightblue, style=solid, pos="e,352,152 410,188 395,179 377,167 360,157"];
}
