digraph "BaseWaveApplLayer::handleLowerMsg" {
	graph [rankdir=LR];
	node [label="\N", fontname=Helvetica, fontsize=10, shape=record];
	edge [fontname=Helvetica, fontsize=10, labelfontname=Helvetica, labelfontsize=10];
	graph [bb="0,0,292,74"];
	Node1 [label="BaseWaveApplLayer::\lhandleLowerMsg", height="0.39", width="1.64", color=black, fillcolor=grey75, style=filled, fontcolor=black, pos="68,37", rects="9,23,128,51"];
	Node2 [label="BaseWaveApplLayer::\lonBeacon", height="0.39", width="1.64", color=black, fillcolor=white, style=filled, URL="$class_base_wave_appl_layer.html#a6c6ab22ca68ba54da92b878131758bc2", pos="224,60", rects="165,46,284,74"];
	Node3 [label="BaseWaveApplLayer::\lonData", height="0.39", width="1.64", color=black, fillcolor=white, style=filled, URL="$class_base_wave_appl_layer.html#a60322665b20fe28f586c1d090d3be2dd", pos="224,14", rects="165,0,284,28"];
	Node1 -> Node2 [color=midnightblue, style=solid, pos="e,164,51 128,46 137,47 145,48 154,50"];
	Node1 -> Node3 [color=midnightblue, style=solid, pos="e,164,23 128,28 137,27 145,26 154,24"];
}
