digraph "BasePhyLayer::handleUpperControlMessage" {
	graph [rankdir=LR];
	node [label="\N", fontname=Helvetica, fontsize=10, shape=record];
	edge [fontname=Helvetica, fontsize=10, labelfontname=Helvetica, labelfontsize=10];
	graph [bb="0,0,566,130"];
	Node1 [label="BasePhyLayer::handleUpper\lControlMessage", height="0.39", width="2.06", color=black, fillcolor=grey75, style=filled, fontcolor=black, pos="83,59", rects="9,45,158,73"];
	Node2 [label="BasePhyLayer::handleChannel\lSenseRequest", height="0.39", width="2.19", color=black, fillcolor=white, style=filled, URL="$class_base_phy_layer.html#a6866e3f79df84cdb5550a51d6502463f", tooltip="Handles reception of a ChannelSenseRequest by forwarding it to the decider and scheduling it to the p...", pos="274,59", rects="195,45,354,73"];
	Node3 [label="Decider::handleChannelSense\lRequest", height="0.39", width="2.11", color=black, fillcolor=white, style=filled, URL="$class_decider.html#a93548ff29f4d880ed488785509dd4dd9", tooltip="This function is called by the PhyLayer to hand over a ChannelSenseRequest. ", pos="474,116", rects="398,102,550,130"];
	Node4 [label="BasePhyLayer::sendSelfMessage", height="0.22", width="2.31", color=black, fillcolor=white, style=filled, URL="$class_base_phy_layer.html#aa59aef501cadd36c94d4f82efe9b64be", tooltip="Schedule self message to passed point in time. ", pos="474,76", rects="391,68,558,84"];
	Node5 [label="ChannelInfo::isRecording", height="0.22", width="1.86", color=black, fillcolor=white, style=filled, URL="$class_channel_info.html#a5b1b8d56aa2fa64b5d79c0cf5c3167a9", tooltip="Returns true if ChannelInfo is currently recording. ", pos="474,42", rects="407,34,541,50"];
	Node6 [label="ChannelInfo::startRecording", height="0.22", width="2.06", color=black, fillcolor=white, style=filled, URL="$class_channel_info.html#abab4a17344f3b254693ed34309c6466f", tooltip="Tells ChannelInfo to keep from now on all channel information until the passed time in history...", pos="474,8", rects="400,0,548,16"];
	Node1 -> Node2 [color=midnightblue, style=solid, pos="e,194,59 158,59 167,59 175,59 184,59"];
	Node2 -> Node3 [color=midnightblue, style=solid, pos="e,398,105 354,73 372,81 372,92 388,101"];
	Node2 -> Node4 [color=midnightblue, style=solid, pos="e,390,69 354,66 363,67 371,67 380,68"];
	Node2 -> Node5 [color=midnightblue, style=solid, pos="e,407,47 354,52 368,50 383,49 397,48"];
	Node2 -> Node6 [color=midnightblue, style=solid, pos="e,400,13 354,45 373,36 371,23 390,16 390,16 390,16 390,16"];
}
