digraph "Veins::ObstacleControl::addFromXml" {
	graph [rankdir=LR];
	node [label="\N", fontname=Helvetica, fontsize=10, shape=record];
	edge [fontname=Helvetica, fontsize=10, labelfontname=Helvetica, labelfontsize=10];
	graph [bb="0,0,1418,304"];
	Node1 [label="Veins::ObstacleControl\l::addFromXml", height="0.39", width="1.67", color=black, fillcolor=grey75, style=filled, fontcolor=black, pos="68,172", rects="8,158,128,186"];
	Node2 [label="Veins::ObstacleControl::add", height="0.22", width="1.94", color=black, fillcolor=white, style=filled, URL="$class_veins_1_1_obstacle_control.html#a206a6e9155d1b201841d0718e65ed30f", pos="234,172", rects="164,164,304,180"];
	Node3 [label="Veins::Obstacle::getBboxP1", height="0.22", width="1.89", color=black, fillcolor=white, style=filled, URL="$class_veins_1_1_obstacle.html#a85c7631c055aa999d73c1f57a2f01d46", pos="411,226", rects="343,218,480,234"];
	Node4 [label="Veins::Obstacle::getBboxP2", height="0.22", width="1.92", color=black, fillcolor=white, style=filled, URL="$class_veins_1_1_obstacle.html#aca5158acb83145623179b40756afbc76", pos="411,192", rects="342,184,481,200"];
	Node5 [label="Veins::AnnotationManager\l::drawPolygon", height="0.39", width="1.97", color=black, fillcolor=white, style=filled, URL="$class_veins_1_1_annotation_manager.html#a250a47fb5e1390f8b4de2128a4aed175", pos="411,152", rects="340,138,482,166"];
	Node6 [label="Veins::AnnotationManager\l::show", height="0.39", width="1.97", color=black, fillcolor=white, style=filled, URL="$class_veins_1_1_annotation_manager.html#a87ffa1c7edbccb8372a4551b73c73def", pos="589,152", rects="518,138,660,166"];
	Node7 [label="Veins::TraCIScenarioManager\lAccess::get", height="0.39", width="2.17", color=black, fillcolor=white, style=filled, URL="$class_veins_1_1_tra_c_i_scenario_manager_access.html#af6404515b1b992848f352b03d325b10d", pos="780,290", rects="702,276,858,304"];
	Node8 [label="FindModule::findGlobalModule", height="0.22", width="2.28", color=black, fillcolor=white, style=filled, URL="$class_find_module.html#a36e4632a6c8c7dbdc177639957a8e62a", tooltip="Returns a pointer to the module with the type of this template. ", pos="983,290", rects="901,282,1066,298"];
	Node9 [label="FindModule::findSubModule", height="0.22", width="2.08", color=black, fillcolor=white, style=filled, URL="$class_find_module.html#a661c335281d62d8df4affc46cc4fff9f", tooltip="Returns a pointer to a sub module of the passed module with the type of this template. ", pos="1178,290", rects="1103,282,1254,298"];
	Node10 [label="Veins::TraCIScenarioManager\l::isConnected", height="0.39", width="2.17", color=black, fillcolor=white, style=filled, URL="$class_veins_1_1_tra_c_i_scenario_manager.html#ab25b8a9284329844c1fb4f48124ddfa3", pos="780,244", rects="702,230,858,258"];
	Node11 [label="Veins::TraCIScenarioManager\l::getCommandInterface", height="0.39", width="2.17", color=black, fillcolor=white, style=filled, URL="$class_veins_1_1_tra_c_i_scenario_manager.html#af9d96f6e40de409df2f1d04b617433d5", pos="780,198", rects="702,184,858,212"];
	Node12 [label="Veins::TraCICommandInterface\l::addPoi", height="0.39", width="2.31", color=black, fillcolor=white, style=filled, URL="$class_veins_1_1_tra_c_i_command_interface.html#a26a99b1e1c0b043fe33f7ebba1b6e20a", pos="780,106", rects="697,92,864,120"];
	Node13 [label="Veins::TraCIConnection\l::omnet2traci", height="0.39", width="1.75", color=black, fillcolor=white, style=filled, URL="$class_veins_1_1_tra_c_i_connection.html#ab356d0c41b62b01b3507e11a8e5f9bf1", tooltip="convert OMNeT++ coordinates to TraCI coordinates ", pos="983,189", rects="920,175,1046,203"];
	Node14 [label="Veins::TraCIConnection\l::query", height="0.39", width="1.75", color=black, fillcolor=white, style=filled, URL="$class_veins_1_1_tra_c_i_connection.html#ac0f5129ad1e50365588ec39112432c7d", tooltip="sends a single command via TraCI, checks status response, returns additional responses ...", pos="983,143", rects="920,129,1046,157"];
	Node15 [label="Veins::TraCIConnection\l::sendMessage", height="0.39", width="1.75", color=black, fillcolor=white, style=filled, URL="$class_veins_1_1_tra_c_i_connection.html#aaf6acde79a0ba73113c46ea92bd567d2", tooltip="sends a message via TraCI (after adding the header) ", pos="1178,143", rects="1115,129,1241,157"];
	Node16 [label="Veins::socket", height="0.22", width="0.97", color=black, fillcolor=white, style=filled, URL="$namespace_veins.html#a6eeefaf3bbdaff6c10cfcd01200016d3", pos="1350,123", rects="1315,115,1386,131"];
	Node17 [label="Veins::TraCIBuffer::str", height="0.22", width="1.67", color=black, fillcolor=white, style=filled, URL="$class_veins_1_1_tra_c_i_buffer.html#ae0833eeb81079e14eed3f13d0ae5d2b3", pos="1350,163", rects="1290,155,1410,171"];
	Node18 [label="Veins::makeTraCICommand", height="0.22", width="2.08", color=black, fillcolor=white, style=filled, URL="$namespace_veins.html#ab52db5bfe6d9095440c0b0ac309bb99d", tooltip="returns byte-buffer containing a TraCI command with optional parameters ", pos="1178,183", rects="1103,175,1253,191"];
	Node19 [label="Veins::TraCIConnection\l::receiveMessage", height="0.39", width="1.75", color=black, fillcolor=white, style=filled, URL="$class_veins_1_1_tra_c_i_connection.html#a634ce6c27d5e98f7d96f65706f3460df", tooltip="receives a message via TraCI (and strips the header) ", pos="1178,97", rects="1115,83,1241,111"];
	Node20 [label="Veins::TraCIBuffer::eof", height="0.22", width="1.72", color=black, fillcolor=white, style=filled, URL="$class_veins_1_1_tra_c_i_buffer.html#a0065f3b4bf17cac8e10dc94b551eb9f8", pos="983,103", rects="921,95,1045,111"];
	Node21 [label="Veins::TraCIColor::\lfromTkColor", height="0.39", width="1.39", color=black, fillcolor=white, style=filled, URL="$class_veins_1_1_tra_c_i_color.html#a298f34374f0c11021d65018040152c98", pos="780,60", rects="730,46,830,74"];
	Node22 [label="Veins::TraCIColor::\lTraCIColor", height="0.39", width="1.39", color=black, fillcolor=white, style=filled, URL="$class_veins_1_1_tra_c_i_color.html#aed4c0a7c62bb97cd300b23f3f932e6e7", pos="983,60", rects="933,46,1033,74"];
	Node23 [label="Veins::AnnotationManager\l::createDummyModuleLine", height="0.39", width="2.00", color=black, fillcolor=white, style=filled, URL="$class_veins_1_1_annotation_manager.html#a9f62775132e28042c0e239c79131fa61", pos="780,14", rects="708,0,852,28"];
	Node24 [label="Veins::AnnotationManager\l::createDummyModule", height="0.39", width="1.97", color=black, fillcolor=white, style=filled, URL="$class_veins_1_1_annotation_manager.html#a5913c22f5ec33e8a4d6531bc0b016899", pos="983,14", rects="912,0,1054,28"];
	Node25 [label="Veins::TraCICommandInterface\l::addPolygon", height="0.39", width="2.31", color=black, fillcolor=white, style=filled, URL="$class_veins_1_1_tra_c_i_command_interface.html#a339c4de3e2582ea10937c6a86d5f78cd", pos="780,152", rects="697,138,864,166"];
	Node26 [label="Veins::Obstacle::getShape", height="0.22", width="1.78", color=black, fillcolor=white, style=filled, URL="$class_veins_1_1_obstacle.html#a1e5a701e21f19186862a7e93fbf3727f", pos="411,112", rects="347,104,476,120"];
	Node1 -> Node2 [color=midnightblue, style=solid, pos="e,164,172 128,172 137,172 145,172 154,172"];
	Node2 -> Node3 [color=midnightblue, style=solid, pos="e,342,219 304,180 322,189 321,203 333,214"];
	Node2 -> Node4 [color=midnightblue, style=solid, pos="e,341,184 304,180 313,181 322,182 331,183"];
	Node2 -> Node5 [color=midnightblue, style=solid, pos="e,340,160 304,164 313,163 321,162 330,161"];
	Node5 -> Node6 [color=midnightblue, style=solid, pos="e,518,152 482,152 491,152 499,152 508,152"];
	Node6 -> Node7 [color=midnightblue, style=solid, pos="e,702,280 660,166 698,199 659,240 694,274"];
	Node7 -> Node8 [color=midnightblue, style=solid, pos="e,900,290 858,290 869,290 879,290 890,290"];
	Node8 -> Node9 [color=midnightblue, style=solid, pos="e,1102,290 1066,290 1075,290 1084,290 1092,290"];
	Node6 -> Node10 [color=midnightblue, style=solid, pos="e,702,233 660,166 686,184 671,209 693,228"];
	Node6 -> Node11 [color=midnightblue, style=solid, pos="e,702,186 660,166 676,171 679,177 692,183"];
	Node6 -> Node12 [color=midnightblue, style=solid, pos="e,696,120 660,138 673,133 677,128 686,124"];
	Node12 -> Node13 [color=midnightblue, style=solid, pos="e,920,184 864,120 889,135 876,159 900,175 903,177 907,179 911,181"];
	Node12 -> Node14 [color=midnightblue, style=solid, pos="e,920,133 864,120 881,123 884,125 900,129 903,130 907,130 911,131"];
	Node14 -> Node15 [color=midnightblue, style=solid, pos="e,1115,143 1046,143 1065,143 1086,143 1105,143"];
	Node15 -> Node16 [color=midnightblue, style=solid, pos="e,1314,127 1241,136 1263,133 1286,131 1305,128"];
	Node15 -> Node17 [color=midnightblue, style=solid, pos="e,1290,156 1241,150 1254,152 1267,153 1280,155"];
	Node14 -> Node18 [color=midnightblue, style=solid, pos="e,1103,175 1046,151 1053,153 1060,155 1066,157 1080,161 1084,166 1093,171"];
	Node18 -> Node17 [color=midnightblue, style=solid, pos="e,1290,171 1253,175 1253,175 1254,175 1254,175 1263,174 1271,173 1280,172"];
	Node14 -> Node19 [color=midnightblue, style=solid, pos="e,1115,107 1046,134 1053,133 1060,131 1066,129 1084,123 1086,116 1102,111 1103,111 1104,110 1105,110"];
	Node19 -> Node16 [color=midnightblue, style=solid, pos="e,1314,118 1241,107 1257,110 1274,112 1290,115 1295,116 1299,116 1304,117"];
	Node12 -> Node20 [color=midnightblue, style=solid, pos="e,921,104 864,105 880,105 896,104 911,104"];
	Node6 -> Node21 [color=midnightblue, style=solid, pos="e,730,61 660,138 687,118 670,92 696,74 703,69 712,65 720,63"];
	Node21 -> Node22 [color=midnightblue, style=solid, pos="e,933,60 830,60 858,60 894,60 923,60"];
	Node6 -> Node23 [color=midnightblue, style=solid, pos="e,708,20 660,138 699,103 657,61 696,28 697,27 698,26 700,25"];
	Node23 -> Node24 [color=midnightblue, style=solid, pos="e,912,14 852,14 868,14 885,14 902,14"];
	Node6 -> Node25 [color=midnightblue, style=solid, pos="e,696,152 660,152 669,152 677,152 686,152"];
	Node25 -> Node13 [color=midnightblue, style=solid, pos="e,920,179 864,166 881,169 884,171 900,175 903,176 907,176 911,177"];
	Node25 -> Node14 [color=midnightblue, style=solid, pos="e,920,146 864,148 880,147 895,147 910,146"];
	Node25 -> Node20 [color=midnightblue, style=solid, pos="e,921,105 864,138 883,130 882,118 900,111 904,109 908,108 911,107"];
	Node2 -> Node26 [color=midnightblue, style=solid, pos="e,346,117 304,164 326,152 319,134 337,122"];
}
