digraph "BaseDelayedIterator::delayPosition" {
	graph [rankdir=LR];
	node [label="\N", fontname=Helvetica, fontsize=10, shape=record];
	edge [fontname=Helvetica, fontsize=10, labelfontname=Helvetica, labelfontsize=10];
	graph [bb="0,0,268,50"];
	Node1 [label="BaseDelayedIterator\l::delayPosition", height="0.39", width="1.50", color=black, fillcolor=grey75, style=filled, fontcolor=black, pos="63,25", rects="9,11,118,39"];
	Node2 [label="Argument::setTime", height="0.22", width="1.42", color=black, fillcolor=white, style=filled, URL="$class_argument.html#a8087982f050bdc61d787b128ca9ac8f9", tooltip="Changes the time value of this argument. ", pos="207,42", rects="156,34,259,50"];
	Node3 [label="Argument::getTime", height="0.22", width="1.44", color=black, fillcolor=white, style=filled, URL="$class_argument.html#a2ecb3b041b5b8721d6767531e4ac792a", tooltip="Returns the time value of this argument. ", pos="207,8", rects="155,0,260,16"];
	Node1 -> Node2 [color=midnightblue, style=solid, pos="e,155,36 118,31 127,32 136,33 145,35"];
	Node1 -> Node3 [color=midnightblue, style=solid, pos="e,154,15 118,19 127,18 136,17 145,16"];
}
