digraph "Veins::TraCIMobility::updateDisplayString" {
	graph [rankdir=LR];
	node [label="\N", fontname=Helvetica, fontsize=10, shape=record];
	edge [fontname=Helvetica, fontsize=10, labelfontname=Helvetica, labelfontsize=10];
	graph [bb="0,0,1430,121"];
	Node1 [label="Veins::TraCIMobility\l::updateDisplayString", height="0.39", width="1.56", color=black, fillcolor=grey75, style=filled, fontcolor=black, pos="65,37", rects="9,23,122,51"];
	Node2 [label="Veins::TraCIMobility\l::changePosition", height="0.39", width="1.56", color=black, fillcolor=white, style=filled, URL="$class_veins_1_1_tra_c_i_mobility.html#a3137899bb330551c9823c40b4ed8b8fc", pos="214,37", rects="158,23,270,51"];
	Node3 [label="Veins::TraCIScenarioManager\l::addModule", height="0.39", width="2.17", color=black, fillcolor=white, style=filled, URL="$class_veins_1_1_tra_c_i_scenario_manager.html#a08e1ff8c735af701665a197839515aa6", pos="384,60", rects="306,46,462,74"];
	Node4 [label="Veins::TraCIScenarioManager\l::processVehicleSubscription", height="0.39", width="2.17", color=black, fillcolor=white, style=filled, URL="$class_veins_1_1_tra_c_i_scenario_manager.html#a4b6aa1aa798b245ff323c5759a3b848e", pos="576,37", rects="498,23,654,51"];
	Node5 [label="Veins::TraCIScenarioManager\l::processSubcriptionResult", height="0.39", width="2.17", color=black, fillcolor=white, style=filled, URL="$class_veins_1_1_tra_c_i_scenario_manager.html#a2f149bc15c3119ab19850b6960689eeb", pos="768,60", rects="690,46,846,74"];
	Node6 [label="Veins::TraCIScenarioManager\l::init_traci", height="0.39", width="2.17", color=black, fillcolor=white, style=filled, URL="$class_veins_1_1_tra_c_i_scenario_manager.html#a5389f3fc889b1fe3fd126c33a7d9ae36", pos="960,61", rects="882,47,1038,75"];
	Node7 [label="Veins::TraCIScenarioManager\l::handleSelfMsg", height="0.39", width="2.17", color=black, fillcolor=white, style=filled, URL="$class_veins_1_1_tra_c_i_scenario_manager.html#a86a0b91aab8823c087c33b99f3a06b1f", pos="1152,107", rects="1074,93,1230,121"];
	Node8 [label="Veins::TraCIScenarioManager\l::handleMessage", height="0.39", width="2.17", color=black, fillcolor=white, style=filled, URL="$class_veins_1_1_tra_c_i_scenario_manager.html#a7ca227c28f036e04e42ef08d1639dbf1", pos="1344,107", rects="1266,93,1422,121"];
	Node9 [label="Veins::TraCIScenarioManager\lLaunchd::init_traci", height="0.39", width="2.17", color=black, fillcolor=white, style=filled, URL="$class_veins_1_1_tra_c_i_scenario_manager_launchd.html#a4c5b4cac20e03a2e333fd3e49a6a7e0e", pos="1152,61", rects="1074,47,1230,75"];
	Node10 [label="Veins::TraCIScenarioManager\l::executeOneTimestep", height="0.39", width="2.17", color=black, fillcolor=white, style=filled, URL="$class_veins_1_1_tra_c_i_scenario_manager.html#a84ebe9fb50441189bd39f949f2593115", tooltip="read and execute all commands for the next timestep ", pos="960,107", rects="882,93,1038,121"];
	Node11 [label="Veins::TraCIScenarioManager\l::subscribeToVehicleVariables", height="0.39", width="2.17", color=black, fillcolor=white, style=filled, URL="$class_veins_1_1_tra_c_i_scenario_manager.html#a999d945fca20d45532a24b492430d742", pos="960,15", rects="882,1,1038,29"];
	Node12 [label="Veins::TraCIMobility\l::nextPosition", height="0.39", width="1.56", color=black, fillcolor=white, style=filled, URL="$class_veins_1_1_tra_c_i_mobility.html#a2b8432d33ff6bcadf7a5c4d30d5636b3", pos="384,14", rects="328,0,440,28"];
	Node1 -> Node2 [dir=back, color=midnightblue, style=solid, pos="s,122,37 132,37 141,37 149,37 158,37"];
	Node2 -> Node3 [dir=back, color=midnightblue, style=solid, pos="s,270,45 279,46 288,47 297,48 306,49"];
	Node3 -> Node4 [dir=back, color=midnightblue, style=solid, pos="s,462,51 471,50 480,48 489,48 498,46"];
	Node4 -> Node5 [dir=back, color=midnightblue, style=solid, pos="s,654,46 663,47 672,49 681,49 690,51"];
	Node5 -> Node6 [dir=back, color=midnightblue, style=solid, pos="s,846,60 856,60 865,60 873,60 882,61"];
	Node6 -> Node7 [dir=back, color=midnightblue, style=solid, pos="s,1038,75 1046,78 1057,83 1061,88 1074,93"];
	Node7 -> Node8 [dir=back, color=midnightblue, style=solid, pos="s,1230,107 1240,107 1249,107 1257,107 1266,107"];
	Node6 -> Node9 [dir=back, color=midnightblue, style=solid, pos="s,1038,61 1048,61 1057,61 1065,61 1074,61"];
	Node5 -> Node10 [dir=back, color=midnightblue, style=solid, pos="s,846,74 854,77 865,82 868,88 882,93"];
	Node10 -> Node7 [dir=back, color=midnightblue, style=solid, pos="s,1038,107 1048,107 1057,107 1065,107 1074,107"];
	Node5 -> Node11 [dir=back, color=midnightblue, style=solid, pos="s,846,46 855,43 865,39 869,34 882,29"];
	Node11 -> Node4 [dir=back, color=midnightblue, style=solid, pos="s,882,19 872,20 806,24 717,29 654,33"];
	Node2 -> Node12 [dir=back, color=midnightblue, style=solid, pos="s,270,29 279,28 295,26 312,24 328,22"];
	Node12 -> Node4 [dir=back, color=midnightblue, style=solid, pos="s,440,21 449,22 464,24 482,26 498,28"];
}
