digraph BaseLayer {
	node [label="\N", fontname=Helvetica, fontsize=10, shape=record];
	edge [fontname=Helvetica, fontsize=10, labelfontname=Helvetica, labelfontsize=10];
	graph [bb="0,0,505,314"];
	Node1 [label=BaseLayer, height="0.22", width="0.86", color=black, fillcolor=grey75, style=filled, fontcolor=black, pos="308,16", rects="277,8,339,24"];
	Node2 [label="Veins::BatteryAccess", height="0.22", width="1.53", color=black, fillcolor=white, style=filled, URL="$class_veins_1_1_battery_access.html", pos="209,84", rects="154,76,264,92"];
	Node3 [label=BaseModule, height="0.22", width="0.97", color=black, fillcolor=white, style=filled, URL="$class_base_module.html", tooltip="Base class for all simple modules of a host. ", pos="147,230", rects="112,222,183,238"];
	Node4 [label=cSimpleModule, height="0.22", width="1.19", color=grey75, fillcolor=white, style=filled, pos="43,298", rects="0,290,86,306"];
	Node5 [label=cListener, height="0.22", width="0.75", color=grey75, fillcolor=white, style=filled, pos="131,298", rects="104,290,158,306"];
	Node6 [label=simsignalwrap_t, height="0.22", width="1.25", color=black, fillcolor=white, style=filled, URL="$classsimsignalwrap__t.html", tooltip="Helper function to initialize signal change identifier on use and not on initializing static sections...", pos="264,298", rects="219,290,310,306"];
	Node7 [label=BaseBattery, height="0.22", width="0.94", color=black, fillcolor=white, style=filled, URL="$class_base_battery.html", tooltip="Base class for any power source. ", pos="209,164", rects="175,156,244,172"];
	Node8 [label=PassedMessage, height="0.22", width="1.14", color=black, fillcolor=white, style=filled, URL="$class_passed_message.html", pos="429,84", rects="388,76,471,92"];
	Node9 [label=cObject, height="0.22", width="0.64", color=grey75, fillcolor=white, style=filled, pos="482,164", rects="459,156,506,172"];
	Node2 -> Node1 [dir=back, color=midnightblue, style=solid, pos="s,221,76 228,71 248,57 279,36 296,24"];
	Node3 -> Node2 [dir=back, color=midnightblue, style=solid, pos="s,148,222 149,215 151,197 156,168 166,144 176,124 192,103 202,92"];
	Node4 -> Node3 [dir=back, color=midnightblue, style=solid, pos="s,55,290 62,286 83,272 117,250 135,238"];
	Node5 -> Node3 [dir=back, color=midnightblue, style=solid, pos="s,133,290 135,281 138,268 143,249 145,238"];
	Node6 -> Node3 [dir=back, color=darkorchid3, style=dashed, label=" catHostStateSignal", pos="s,233,290 224,287 213,283 201,278 191,272 176,262 162,248 154,238", lp="249,264"];
	Node7 -> Node2 [dir=back, color=darkorchid3, style=dashed, label=" battery", pos="s,209,156 209,147 209,130 209,106 209,92", lp="233,118"];
	Node3 -> Node7 [dir=back, color=midnightblue, style=solid, pos="s,155,222 161,216 173,202 191,183 201,172"];
	Node6 -> Node1 [dir=back, color=darkorchid3, style=dashed, label=" catDroppedPacketSignal\ncatPassedMsgSignal\ncatPacketSignal", pos="s,278,290 286,284 290,280 295,276 298,272 309,255 309,249 308,230 308,230 308,230 308,84 309,62 308,37 308,24", lp="375,164"];
	Node8 -> Node1 [dir=back, color=darkorchid3, style=dashed, label=" passedMsg", pos="s,415,76 407,72 383,58 344,36 322,24", lp="417,50"];
	Node9 -> Node8 [dir=back, color=midnightblue, style=solid, pos="s,477,156 473,149 461,132 444,106 435,92"];
}
