digraph "Veins::ObstacleControl::erase" {
	graph [rankdir=LR];
	node [label="\N", fontname=Helvetica, fontsize=10, shape=record];
	edge [fontname=Helvetica, fontsize=10, labelfontname=Helvetica, labelfontsize=10];
	graph [bb="0,0,1260,280"];
	Node1 [label="Veins::ObstacleControl\l::erase", height="0.39", width="1.67", color=black, fillcolor=grey75, style=filled, fontcolor=black, pos="68,151", rects="8,137,128,165"];
	Node2 [label="Veins::AnnotationManager\l::erase", height="0.39", width="1.97", color=black, fillcolor=white, style=filled, URL="$class_veins_1_1_annotation_manager.html#a990948888917eff8840f899714d4e754", pos="235,151", rects="164,137,306,165"];
	Node3 [label="Veins::AnnotationManager\l::hide", height="0.39", width="1.97", color=black, fillcolor=white, style=filled, URL="$class_veins_1_1_annotation_manager.html#ae7cd5fba58d72f4351963b9a6c95e669", pos="413,151", rects="342,137,484,165"];
	Node4 [label="Veins::TraCIScenarioManager\lAccess::get", height="0.39", width="2.17", color=black, fillcolor=white, style=filled, URL="$class_veins_1_1_tra_c_i_scenario_manager_access.html#af6404515b1b992848f352b03d325b10d", pos="613,266", rects="535,252,691,280"];
	Node5 [label="FindModule::findGlobalModule", height="0.22", width="2.28", color=black, fillcolor=white, style=filled, URL="$class_find_module.html#a36e4632a6c8c7dbdc177639957a8e62a", tooltip="Returns a pointer to the module with the type of this template. ", pos="825,266", rects="743,258,908,274"];
	Node6 [label="FindModule::findSubModule", height="0.22", width="2.08", color=black, fillcolor=white, style=filled, URL="$class_find_module.html#a661c335281d62d8df4affc46cc4fff9f", tooltip="Returns a pointer to a sub module of the passed module with the type of this template. ", pos="1020,266", rects="945,258,1096,274"];
	Node7 [label="Veins::TraCIScenarioManager\l::isConnected", height="0.39", width="2.17", color=black, fillcolor=white, style=filled, URL="$class_veins_1_1_tra_c_i_scenario_manager.html#ab25b8a9284329844c1fb4f48124ddfa3", pos="613,220", rects="535,206,691,234"];
	Node8 [label="Veins::TraCIScenarioManager\l::getCommandInterface", height="0.39", width="2.17", color=black, fillcolor=white, style=filled, URL="$class_veins_1_1_tra_c_i_scenario_manager.html#af9d96f6e40de409df2f1d04b617433d5", pos="613,174", rects="535,160,691,188"];
	Node9 [label="Veins::TraCICommandInterface\l::polygon", height="0.39", width="2.31", color=black, fillcolor=white, style=filled, URL="$class_veins_1_1_tra_c_i_command_interface.html#ae16f3b06b09adeeb8f714ef321b6df75", pos="613,128", rects="530,114,697,142"];
	Node10 [label="Veins::TraCICommandInterface::poi", height="0.22", width="2.56", color=black, fillcolor=white, style=filled, URL="$class_veins_1_1_tra_c_i_command_interface.html#a6722786178a64686107cad4e98a6effd", pos="613,88", rects="521,80,706,96"];
	Node11 [label="Veins::TraCICommandInterface\l::Poi::remove", height="0.39", width="2.31", color=black, fillcolor=white, style=filled, URL="$class_veins_1_1_tra_c_i_command_interface_1_1_poi.html#a873371bba8a2e031dbb1a01fab8ed80c", pos="613,48", rects="530,34,697,62"];
	Node12 [label="Veins::TraCIConnection\l::query", height="0.39", width="1.75", color=black, fillcolor=white, style=filled, URL="$class_veins_1_1_tra_c_i_connection.html#ac0f5129ad1e50365588ec39112432c7d", tooltip="sends a single command via TraCI, checks status response, returns additional responses ...", pos="825,48", rects="762,34,888,62"];
	Node13 [label="Veins::TraCIConnection\l::sendMessage", height="0.39", width="1.75", color=black, fillcolor=white, style=filled, URL="$class_veins_1_1_tra_c_i_connection.html#aaf6acde79a0ba73113c46ea92bd567d2", tooltip="sends a message via TraCI (after adding the header) ", pos="1020,48", rects="957,34,1083,62"];
	Node14 [label="Veins::socket", height="0.22", width="0.97", color=black, fillcolor=white, style=filled, URL="$namespace_veins.html#a6eeefaf3bbdaff6c10cfcd01200016d3", pos="1192,66", rects="1157,58,1228,74"];
	Node15 [label="Veins::TraCIBuffer::str", height="0.22", width="1.67", color=black, fillcolor=white, style=filled, URL="$class_veins_1_1_tra_c_i_buffer.html#ae0833eeb81079e14eed3f13d0ae5d2b3", pos="1192,29", rects="1132,21,1252,37"];
	Node16 [label="Veins::makeTraCICommand", height="0.22", width="2.08", color=black, fillcolor=white, style=filled, URL="$namespace_veins.html#ab52db5bfe6d9095440c0b0ac309bb99d", tooltip="returns byte-buffer containing a TraCI command with optional parameters ", pos="1020,8", rects="945,0,1095,16"];
	Node17 [label="Veins::TraCIConnection\l::receiveMessage", height="0.39", width="1.75", color=black, fillcolor=white, style=filled, URL="$class_veins_1_1_tra_c_i_connection.html#a634ce6c27d5e98f7d96f65706f3460df", tooltip="receives a message via TraCI (and strips the header) ", pos="1020,94", rects="957,80,1083,108"];
	Node1 -> Node2 [color=midnightblue, style=solid, pos="e,164,151 128,151 137,151 145,151 154,151"];
	Node2 -> Node3 [color=midnightblue, style=solid, pos="e,342,151 306,151 315,151 323,151 332,151"];
	Node3 -> Node4 [color=midnightblue, style=solid, pos="e,535,260 484,165 517,191 488,226 520,252 522,253 524,254 526,256"];
	Node4 -> Node5 [color=midnightblue, style=solid, pos="e,742,266 691,266 705,266 718,266 732,266"];
	Node5 -> Node6 [color=midnightblue, style=solid, pos="e,944,266 908,266 917,266 926,266 934,266"];
	Node3 -> Node7 [color=midnightblue, style=solid, pos="e,535,212 485,165 506,177 499,194 520,206 522,207 524,208 526,209"];
	Node3 -> Node8 [color=midnightblue, style=solid, pos="e,535,165 484,159 498,161 511,162 525,164"];
	Node3 -> Node9 [color=midnightblue, style=solid, pos="e,529,138 484,143 496,141 507,140 519,139"];
	Node3 -> Node10 [color=midnightblue, style=solid, pos="e,520,96 485,137 503,126 500,111 512,101"];
	Node3 -> Node11 [color=midnightblue, style=solid, pos="e,529,56 484,137 514,114 491,83 520,62 520,62 520,62 521,62"];
	Node11 -> Node12 [color=midnightblue, style=solid, pos="e,762,48 697,48 716,48 734,48 752,48"];
	Node12 -> Node13 [color=midnightblue, style=solid, pos="e,957,48 888,48 907,48 928,48 947,48"];
	Node13 -> Node14 [color=midnightblue, style=solid, pos="e,1156,62 1083,55 1105,58 1128,59 1147,61"];
	Node13 -> Node15 [color=midnightblue, style=solid, pos="e,1132,36 1083,41 1096,39 1109,38 1122,37"];
	Node12 -> Node16 [color=midnightblue, style=solid, pos="e,945,16 888,39 895,38 902,36 908,34 922,29 926,24 935,19"];
	Node16 -> Node15 [color=midnightblue, style=solid, pos="e,1132,21 1095,16 1095,16 1096,16 1096,16 1109,17 1114,18 1122,19"];
	Node12 -> Node17 [color=midnightblue, style=solid, pos="e,957,83 888,56 895,58 902,60 908,62 926,67 928,74 944,80 945,80 946,81 947,81"];
	Node17 -> Node14 [color=midnightblue, style=solid, pos="e,1156,70 1083,82 1103,79 1123,75 1132,74 1137,73 1141,72 1146,72"];
}
