digraph "BaseMobility::checkIfOutside" {
	graph [rankdir=LR];
	node [label="\N", fontname=Helvetica, fontsize=10, shape=record];
	edge [fontname=Helvetica, fontsize=10, labelfontname=Helvetica, labelfontsize=10];
	graph [bb="0,0,510,256"];
	Node1 [label="BaseMobility::checkIfOutside", height="0.22", width="2.11", color=black, fillcolor=grey75, style=filled, fontcolor=black, pos="85,128", rects="9,120,162,136"];
	Node2 [label="Move::getStartPos", height="0.22", width="1.33", color=black, fillcolor=white, style=filled, URL="$class_move.html#aeab90c9059a2c9214e491a58833b3c3c", tooltip="Returns the start position. ", pos="266,248", rects="218,240,314,256"];
	Node3 [label="BaseMobility::playground\lSizeX", height="0.39", width="1.86", color=black, fillcolor=white, style=filled, URL="$class_base_mobility.html#afd83457f242d92ccdc2e2b5a3b2c4dd8", tooltip="Returns the width of the playground. ", pos="266,208", rects="199,194,334,222"];
	Node4 [label="BaseWorldUtility::getPgs", height="0.22", width="1.81", color=black, fillcolor=white, style=filled, URL="$class_base_world_utility.html#a179c8bf9d4613cbb1af0a85d779827a6", tooltip="Returns the playgroundSize. ", pos="436,128", rects="371,120,502,136"];
	Node5 [label="Move::getDirection", height="0.22", width="1.39", color=black, fillcolor=white, style=filled, URL="$class_move.html#a13cf0bb336db329a2033506d739c834f", tooltip="Returns the direction vector (which is unit less, because of normalization). ", pos="266,168", rects="216,160,317,176"];
	Node6 [label="BaseMobility::playground\lSizeY", height="0.39", width="1.86", color=black, fillcolor=white, style=filled, URL="$class_base_mobility.html#a09941dabdb81e67c77fc4794167c9351", tooltip="Returns the height of the playground. ", pos="266,128", rects="199,114,334,142"];
	Node7 [label="BaseWorldUtility::use2D", height="0.22", width="1.81", color=black, fillcolor=white, style=filled, URL="$class_base_world_utility.html#a84c3d488e01d52be51c686e3fb206498", tooltip="Returns true if the world is 2-dimensional. ", pos="266,88", rects="201,80,331,96"];
	Node8 [label="BaseMobility::playground\lSizeZ", height="0.39", width="1.86", color=black, fillcolor=white, style=filled, URL="$class_base_mobility.html#a1245dec457a2d33c8dd1a70ccd74ea33", tooltip="Returns the height of the playground. ", pos="266,48", rects="199,34,334,62"];
	Node9 [label="Coord::info", height="0.22", width="0.86", color=black, fillcolor=white, style=filled, URL="$class_coord.html#a86994bfa7096155d951abb03dcf30bf1", tooltip="Returns a string with the value of the coordinate. ", pos="266,8", rects="235,0,298,16"];
	Node1 -> Node2 [color=midnightblue, style=solid, pos="e,218,249 162,136 201,166 160,209 198,240 201,243 205,245 209,246"];
	Node1 -> Node3 [color=midnightblue, style=solid, pos="e,198,194 162,136 185,150 177,171 191,188"];
	Node3 -> Node4 [color=midnightblue, style=solid, pos="e,370,136 334,194 356,178 348,157 363,142"];
	Node1 -> Node5 [color=midnightblue, style=solid, pos="e,215,165 162,136 181,142 180,153 198,160 201,161 203,162 205,162"];
	Node1 -> Node6 [color=midnightblue, style=solid, pos="e,198,128 162,128 171,128 179,128 188,128"];
	Node6 -> Node4 [color=midnightblue, style=solid, pos="e,370,128 334,128 343,128 351,128 360,128"];
	Node1 -> Node7 [color=midnightblue, style=solid, pos="e,201,95 162,120 178,114 180,105 191,99"];
	Node1 -> Node8 [color=midnightblue, style=solid, pos="e,198,62 162,120 185,105 177,84 191,68"];
	Node8 -> Node4 [color=midnightblue, style=solid, pos="e,370,120 334,62 356,77 348,98 363,114"];
	Node1 -> Node9 [color=midnightblue, style=solid, pos="e,234,5 162,120 201,89 160,46 198,16 205,10 215,7 225,6"];
}
