digraph "TraCIDemoRSU11p::sendWSM" {
	graph [rankdir=LR];
	node [label="\N", fontname=Helvetica, fontsize=10, shape=record];
	edge [fontname=Helvetica, fontsize=10, labelfontname=Helvetica, labelfontsize=10];
	graph [bb="0,0,562,16"];
	Node1 [label="TraCIDemoRSU11p::sendWSM", height="0.22", width="2.22", color=black, fillcolor=grey75, style=filled, fontcolor=black, pos="89,8", rects="9,0,170,16"];
	Node2 [label="BaseApplLayer::sendDelayedDown", height="0.22", width="2.53", color=black, fillcolor=white, style=filled, URL="$class_base_appl_layer.html#a08d91ffcf2598556db4dd3ba845e4979", tooltip="Sends a message delayed to the lower layer. ", pos="298,8", rects="207,0,390,16"];
	Node3 [label="BaseLayer::recordPacket", height="0.22", width="1.78", color=black, fillcolor=white, style=filled, URL="$class_base_layer.html#a33f4f320f4b6c4ec48651847338ff47f", pos="490,8", rects="426,0,554,16"];
	Node1 -> Node2 [color=midnightblue, style=solid, pos="e,206,8 170,8 179,8 187,8 196,8"];
	Node2 -> Node3 [color=midnightblue, style=solid, pos="e,426,8 390,8 399,8 407,8 416,8"];
}
