digraph "MappingUtils::post" {
	graph [rankdir=LR];
	node [label="\N", fontname=Helvetica, fontsize=10, shape=record];
	edge [fontname=Helvetica, fontsize=10, labelfontname=Helvetica, labelfontsize=10];
	graph [bb="0,0,500,120"];
	Node1 [label="MappingUtils::post", height="0.22", width="1.39", color=black, fillcolor=grey75, style=filled, fontcolor=black, pos="59,60", rects="9,52,110,68"];
	Node2 [label="BaseMacLayer::createRectangle\lMapping", height="0.39", width="2.28", color=black, fillcolor=white, style=filled, URL="$class_base_mac_layer.html#a23ed373dcfd98255df5f5ffa7e30eec6", tooltip="Creates a simple Mapping with a constant curve progression at the passed value and discontinuities at...", pos="228,106", rects="146,92,310,120"];
	Node3 [label="BaseMacLayer::createSignal", height="0.22", width="2.00", color=black, fillcolor=white, style=filled, URL="$class_base_mac_layer.html#a28ca155ff241c3e202a94724cc87b232", tooltip="Creates a simple Signal defined over time with the passed parameters. ", pos="419,106", rects="347,98,492,114"];
	Node4 [label="SNRThresholdDecider\l::processNewSignal", height="0.39", width="1.67", color=black, fillcolor=white, style=filled, URL="$class_s_n_r_threshold_decider.html#ace13845f43c5328cea40eb00c59af2b3", tooltip="Processes a new Signal. ", pos="228,60", rects="168,46,289,74"];
	Node5 [label="SNRThresholdDecider\l::processSignalEnd", height="0.39", width="1.67", color=black, fillcolor=white, style=filled, URL="$class_s_n_r_threshold_decider.html#a6002f2ee8ffa35ded0162c72f93c9fba", tooltip="Processes a received AirFrame. ", pos="228,14", rects="168,0,289,28"];
	Node1 -> Node2 [dir=back, color=midnightblue, style=solid, pos="s,110,68 119,72 129,78 132,86 146,92"];
	Node2 -> Node3 [dir=back, color=midnightblue, style=solid, pos="s,310,106 320,106 329,106 337,106 346,106"];
	Node1 -> Node4 [dir=back, color=midnightblue, style=solid, pos="s,110,60 120,60 135,60 151,60 167,60"];
	Node1 -> Node5 [dir=back, color=midnightblue, style=solid, pos="s,110,52 118,48 129,42 132,34 146,28 153,25 160,23 167,21"];
}
