digraph "Move::setSpeed" {
	graph [rankdir=LR];
	node [label="\N", fontname=Helvetica, fontsize=10, shape=record];
	edge [fontname=Helvetica, fontsize=10, labelfontname=Helvetica, labelfontsize=10];
	graph [bb="0,0,1408,193"];
	Node1 [label="Move::setSpeed", height="0.22", width="1.14", color=black, fillcolor=grey75, style=filled, fontcolor=black, pos="50,65", rects="9,57,92,73"];
	Node2 [label="Veins::TraCIMobility\l::changePosition", height="0.39", width="1.56", color=black, fillcolor=white, style=filled, URL="$class_veins_1_1_tra_c_i_mobility.html#a3137899bb330551c9823c40b4ed8b8fc", pos="188,132", rects="132,118,244,146"];
	Node3 [label="Veins::TraCIMobility\l::nextPosition", height="0.39", width="1.56", color=black, fillcolor=white, style=filled, URL="$class_veins_1_1_tra_c_i_mobility.html#a2b8432d33ff6bcadf7a5c4d30d5636b3", pos="362,132", rects="306,118,418,146"];
	Node4 [label="Veins::TraCIScenarioManager\l::processVehicleSubscription", height="0.39", width="2.17", color=black, fillcolor=white, style=filled, URL="$class_veins_1_1_tra_c_i_scenario_manager.html#a4b6aa1aa798b245ff323c5759a3b848e", pos="554,109", rects="476,95,632,123"];
	Node5 [label="Veins::TraCIScenarioManager\l::processSubcriptionResult", height="0.39", width="2.17", color=black, fillcolor=white, style=filled, URL="$class_veins_1_1_tra_c_i_scenario_manager.html#a2f149bc15c3119ab19850b6960689eeb", pos="746,132", rects="668,118,824,146"];
	Node6 [label="Veins::TraCIScenarioManager\l::init_traci", height="0.39", width="2.17", color=black, fillcolor=white, style=filled, URL="$class_veins_1_1_tra_c_i_scenario_manager.html#a5389f3fc889b1fe3fd126c33a7d9ae36", pos="938,133", rects="860,119,1016,147"];
	Node7 [label="Veins::TraCIScenarioManager\l::handleSelfMsg", height="0.39", width="2.17", color=black, fillcolor=white, style=filled, URL="$class_veins_1_1_tra_c_i_scenario_manager.html#a86a0b91aab8823c087c33b99f3a06b1f", pos="1130,179", rects="1052,165,1208,193"];
	Node8 [label="Veins::TraCIScenarioManager\l::handleMessage", height="0.39", width="2.17", color=black, fillcolor=white, style=filled, URL="$class_veins_1_1_tra_c_i_scenario_manager.html#a7ca227c28f036e04e42ef08d1639dbf1", pos="1322,179", rects="1244,165,1400,193"];
	Node9 [label="Veins::TraCIScenarioManager\lLaunchd::init_traci", height="0.39", width="2.17", color=black, fillcolor=white, style=filled, URL="$class_veins_1_1_tra_c_i_scenario_manager_launchd.html#a4c5b4cac20e03a2e333fd3e49a6a7e0e", pos="1130,133", rects="1052,119,1208,147"];
	Node10 [label="Veins::TraCIScenarioManager\l::executeOneTimestep", height="0.39", width="2.17", color=black, fillcolor=white, style=filled, URL="$class_veins_1_1_tra_c_i_scenario_manager.html#a84ebe9fb50441189bd39f949f2593115", tooltip="read and execute all commands for the next timestep ", pos="938,179", rects="860,165,1016,193"];
	Node11 [label="Veins::TraCIScenarioManager\l::subscribeToVehicleVariables", height="0.39", width="2.17", color=black, fillcolor=white, style=filled, URL="$class_veins_1_1_tra_c_i_scenario_manager.html#a999d945fca20d45532a24b492430d742", pos="938,87", rects="860,73,1016,101"];
	Node12 [label="Veins::TraCIScenarioManager\l::addModule", height="0.39", width="2.17", color=black, fillcolor=white, style=filled, URL="$class_veins_1_1_tra_c_i_scenario_manager.html#a08e1ff8c735af701665a197839515aa6", pos="362,86", rects="284,72,440,100"];
	Node13 [label="Veins::TraCIMobility\l::initialize", height="0.39", width="1.56", color=black, fillcolor=white, style=filled, URL="$class_veins_1_1_tra_c_i_mobility.html#a508c83b198cc326da67bd8ed1decfb75", tooltip="Initializes mobility model parameters. ", pos="362,24", rects="306,10,418,38"];
	Node14 [label="BaseMobility::initialize", height="0.22", width="1.64", color=black, fillcolor=white, style=filled, URL="$class_base_mobility.html#aa89e41596faff0067340643acbab27d0", tooltip="Initializes mobility model parameters. ", pos="188,8", rects="129,0,248,16"];
	Node15 [label="Veins::TraCIMobility\l::preInitialize", height="0.39", width="1.56", color=black, fillcolor=white, style=filled, URL="$class_veins_1_1_tra_c_i_mobility.html#a0f5910264711db6f973c47789e615c79", pos="188,86", rects="132,72,244,100"];
	Node1 -> Node2 [dir=back, color=midnightblue, style=solid, pos="s,92,73 99,79 113,91 110,106 128,118 129,119 130,119 132,120"];
	Node2 -> Node3 [dir=back, color=midnightblue, style=solid, pos="s,244,132 254,132 271,132 289,132 306,132"];
	Node3 -> Node4 [dir=back, color=midnightblue, style=solid, pos="s,418,125 427,124 442,122 460,120 476,118"];
	Node4 -> Node5 [dir=back, color=midnightblue, style=solid, pos="s,632,118 641,119 650,121 659,121 668,123"];
	Node5 -> Node6 [dir=back, color=midnightblue, style=solid, pos="s,824,132 834,132 843,132 851,132 860,133"];
	Node6 -> Node7 [dir=back, color=midnightblue, style=solid, pos="s,1016,147 1024,150 1035,155 1039,160 1052,165"];
	Node7 -> Node8 [dir=back, color=midnightblue, style=solid, pos="s,1208,179 1218,179 1227,179 1235,179 1244,179"];
	Node6 -> Node9 [dir=back, color=midnightblue, style=solid, pos="s,1016,133 1026,133 1035,133 1043,133 1052,133"];
	Node5 -> Node10 [dir=back, color=midnightblue, style=solid, pos="s,824,146 832,149 843,154 846,160 860,165"];
	Node10 -> Node7 [dir=back, color=midnightblue, style=solid, pos="s,1016,179 1026,179 1035,179 1043,179 1052,179"];
	Node5 -> Node11 [dir=back, color=midnightblue, style=solid, pos="s,824,118 833,114 843,110 847,105 860,101"];
	Node11 -> Node4 [dir=back, color=midnightblue, style=solid, pos="s,860,91 850,92 784,96 695,101 632,105"];
	Node2 -> Node12 [dir=back, color=midnightblue, style=solid, pos="s,244,119 253,116 266,110 270,104 284,100"];
	Node12 -> Node4 [dir=back, color=midnightblue, style=solid, pos="s,440,95 449,96 458,98 467,98 476,100"];
	Node1 -> Node13 [dir=back, color=midnightblue, style=solid, pos="s,92,60 100,59 156,51 247,39 306,31"];
	Node1 -> Node14 [dir=back, color=midnightblue, style=solid, pos="s,92,57 99,52 113,41 110,26 128,16"];
	Node14 -> Node13 [dir=back, color=midnightblue, style=solid, pos="s,248,14 257,15 273,16 290,17 306,19"];
	Node1 -> Node15 [dir=back, color=midnightblue, style=solid, pos="s,92,71 100,72 111,74 122,76 132,78"];
	Node15 -> Node12 [dir=back, color=midnightblue, style=solid, pos="s,244,86 254,86 264,86 273,86 284,86"];
}
