digraph "BaseDecider::calculateSnrMapping" {
	graph [rankdir=LR];
	node [label="\N", fontname=Helvetica, fontsize=10, shape=record];
	edge [fontname=Helvetica, fontsize=10, labelfontname=Helvetica, labelfontsize=10];
	graph [bb="0,0,750,372"];
	Node1 [label="BaseDecider::calculateSnr\lMapping", height="0.39", width="1.83", color=black, fillcolor=grey75, style=filled, fontcolor=black, pos="75,252", rects="9,238,142,266"];
	Node2 [label="Veins::AirFrame::getSignal", height="0.22", width="1.89", color=black, fillcolor=white, style=filled, URL="$class_veins_1_1_air_frame.html#a50cfde43def85076f0ba2e9ad16d18a4", pos="478,364", rects="410,356,547,372"];
	Node3 [label="Signal::getReceptionStart", height="0.22", width="1.78", color=black, fillcolor=white, style=filled, URL="$class_signal.html#a7c4710243cf87caf7dfc9f313e2619b2", tooltip="Returns the point in time when the receiving of the Signal started at the receiver module...", pos="478,330", rects="414,322,543,338"];
	Node4 [label="Signal::getReceptionEnd", height="0.22", width="1.75", color=black, fillcolor=white, style=filled, URL="$class_signal.html#a2875223239e124d85949e1116cc12ae9", tooltip="Returns the point in time when the receiving of the Signal ended at the receiver module. ", pos="478,296", rects="415,288,542,304"];
	Node5 [label="BaseDecider::calculateRSSIMapping", height="0.22", width="2.56", color=black, fillcolor=white, style=filled, URL="$class_base_decider.html#a8ca42b7d77c0a1510255ec2a451d06d0", tooltip="Calculates a RSSI-Mapping (or Noise-Strength-Mapping) for a Signal. ", pos="271,228", rects="179,220,364,236"];
	Node6 [label="Veins::AirFrame::getId", height="0.22", width="1.61", color=black, fillcolor=white, style=filled, URL="$class_veins_1_1_air_frame.html#abac89b81d2c1fdce7f64bd6c91811032", pos="478,114", rects="420,106,537,122"];
	Node7 [label="BaseDecider::getChannelInfo", height="0.22", width="2.08", color=black, fillcolor=white, style=filled, URL="$class_base_decider.html#a1eb9539d907f101c8d30798f6ca03337", tooltip="Collects the AirFrame on the channel during the passed interval. ", pos="478,262", rects="403,254,554,270"];
	Node8 [label="DeciderToPhyInterface\l::getChannelInfo", height="0.39", width="1.72", color=black, fillcolor=white, style=filled, URL="$class_decider_to_phy_interface.html#aa7af5edbbc50269a93c10bd682aa79f6", tooltip="Fills the passed AirFrameVector with all AirFrames that intersect with the time interval [from...", pos="667,265", rects="605,251,730,279"];
	Node9 [label="MappingUtils::createMapping", height="0.22", width="2.14", color=black, fillcolor=white, style=filled, URL="$class_mapping_utils.html#a0c61c76ba04339162563339b23bf42e9", tooltip="Returns an appropriate changeable Mapping with the specified domain and the specified interpolation m...", pos="478,228", rects="401,220,556,236"];
	Node10 [label="DimensionSet::hasDimension", height="0.22", width="2.08", color=black, fillcolor=white, style=filled, URL="$class_dimension_set.html#a015cb6fa6c77b26b8c7b1e65827b8342", tooltip="Returns true if the passed Dimension is inside this DimensionSet. ", pos="667,225", rects="592,217,742,233"];
	Node11 [label="Signal::getReceivingPower", height="0.22", width="1.92", color=black, fillcolor=white, style=filled, URL="$class_signal.html#a513b1abac0b04549585257f7f5f8ebea", tooltip="Calculates and returns the receiving power of this Signal. ", pos="478,46", rects="409,38,547,54"];
	Node12 [label="MappingUtils::add", height="0.22", width="1.36", color=black, fillcolor=white, style=filled, URL="$class_mapping_utils.html#a0d8bf65254d099c87948c1c300986696", pos="478,80", rects="429,72,528,88"];
	Node13 [label="MappingUtils::applyElement\lWiseOperator", height="0.39", width="2.08", color=black, fillcolor=white, style=filled, URL="$class_mapping_utils.html#a45c56f1ea72b2f8b278d1016ac6228df", pos="667,80", rects="592,66,742,94"];
	Node14 [label="DeciderToPhyInterface\l::getThermalNoise", height="0.39", width="1.72", color=black, fillcolor=white, style=filled, URL="$class_decider_to_phy_interface.html#a2c55926187883df5bc322c947d317534", tooltip="Returns a Mapping which defines the thermal noise in the passed time frame (in mW). ", pos="478,154", rects="416,140,541,168"];
	Node15 [label="MappingUtils::subtract", height="0.22", width="1.67", color=black, fillcolor=white, style=filled, URL="$class_mapping_utils.html#a37d38fd0a9593e6f055ac8d90758965e", pos="478,194", rects="418,186,538,202"];
	Node16 [label="MappingUtils::divide", height="0.22", width="1.53", color=black, fillcolor=white, style=filled, URL="$class_mapping_utils.html#ad5ccda215590380a9798e4dd51ede69c", pos="271,47", rects="216,39,327,55"];
	Node1 -> Node2 [color=midnightblue, style=solid, pos="e,409,365 127,266 131,268 136,270 142,274 163,286 158,302 178,314 247,352 337,363 400,365"];
	Node1 -> Node3 [color=midnightblue, style=solid, pos="e,413,324 139,266 140,266 141,267 142,267 160,273 161,280 178,286 275,318 303,310 403,323 403,323 403,323 403,323"];
	Node1 -> Node4 [color=midnightblue, style=solid, pos="e,414,290 142,260 208,267 313,279 403,289 403,289 404,289 404,289"];
	Node1 -> Node5 [color=midnightblue, style=solid, pos="e,178,236 142,241 151,240 159,238 168,237"];
	Node5 -> Node6 [color=midnightblue, style=solid, pos="e,419,113 364,220 401,191 364,150 400,122 403,120 406,118 410,116"];
	Node5 -> Node7 [color=midnightblue, style=solid, pos="e,402,255 364,236 379,239 382,246 393,251"];
	Node7 -> Node8 [color=midnightblue, style=solid, pos="e,604,264 554,263 568,263 581,264 594,264"];
	Node5 -> Node9 [color=midnightblue, style=solid, pos="e,400,228 364,228 373,228 381,228 390,228"];
	Node9 -> Node10 [color=midnightblue, style=solid, pos="e,592,226 556,227 565,227 573,227 582,227"];
	Node5 -> Node11 [color=midnightblue, style=solid, pos="e,409,48 364,220 421,170 344,104 400,54 400,54 400,54 401,54"];
	Node5 -> Node3 [color=midnightblue, style=solid, pos="e,413,329 364,236 398,260 367,297 400,322 401,323 403,324 404,325"];
	Node5 -> Node4 [color=midnightblue, style=solid, pos="e,414,294 364,236 389,250 376,273 400,288 401,289 403,289 404,290"];
	Node5 -> Node12 [color=midnightblue, style=solid, pos="e,428,76 364,220 411,181 354,127 400,88 405,83 412,80 418,78"];
	Node12 -> Node13 [color=midnightblue, style=solid, pos="e,592,80 528,80 545,80 563,80 582,80"];
	Node5 -> Node14 [color=midnightblue, style=solid, pos="e,415,160 364,220 389,205 377,183 400,168 402,167 404,166 406,164"];
	Node5 -> Node2 [color=midnightblue, style=solid, pos="e,409,362 364,236 408,271 358,320 400,356 400,356 400,356 401,356"];
	Node5 -> Node15 [color=midnightblue, style=solid, pos="e,418,198 364,220 382,215 383,206 400,202 403,201 406,200 408,200"];
	Node15 -> Node13 [color=midnightblue, style=solid, pos="e,592,94 538,195 545,193 551,190 556,186 588,161 564,128 585,102"];
	Node1 -> Node11 [color=midnightblue, style=solid, pos="e,409,52 133,238 136,237 139,236 142,235 151,231 371,73 399,56"];
	Node1 -> Node16 [color=midnightblue, style=solid, pos="e,215,41 142,238 201,179 117,110 178,55 186,48 195,44 205,42"];
	Node16 -> Node13 [color=midnightblue, style=solid, pos="e,594,66 327,44 339,43 352,41 364,39 381,36 384,31 400,29 469,19 492,3 556,29 574,36 574,50 586,60"];
}
