digraph "Mac1609_4::mapPriority" {
	graph [rankdir=LR];
	node [label="\N", fontname=Helvetica, fontsize=10, shape=record];
	edge [fontname=Helvetica, fontsize=10, labelfontname=Helvetica, labelfontsize=10];
	graph [bb="0,0,334,50"];
	Node1 [label="Mac1609_4::mapPriority", height="0.22", width="1.75", color=black, fillcolor=grey75, style=filled, fontcolor=black, pos="72,25", rects="9,17,136,33"];
	Node2 [label="Mac1609_4::handleSelfMsg", height="0.22", width="1.97", color=black, fillcolor=white, style=filled, URL="$class_mac1609__4.html#a551d295ebf0b23896f4d272e3db3961d", tooltip="Handle self messages such as timers. ", pos="249,42", rects="178,34,320,50"];
	Node3 [label="Mac1609_4::handleUpperMsg", height="0.22", width="2.14", color=black, fillcolor=white, style=filled, URL="$class_mac1609__4.html#ac93bf319ea2065fd7e8c041697e49919", tooltip="Handle messages from upper layer. ", pos="249,8", rects="172,0,326,16"];
	Node1 -> Node2 [dir=back, color=midnightblue, style=solid, pos="s,136,31 146,32 157,33 167,34 178,35"];
	Node1 -> Node3 [dir=back, color=midnightblue, style=solid, pos="s,136,19 145,18 154,17 163,17 172,15"];
}
