digraph DelayedMapping {
	node [label="\N", fontname=Helvetica, fontsize=10, shape=record];
	edge [fontname=Helvetica, fontsize=10, labelfontname=Helvetica, labelfontsize=10];
	graph [bb="0,0,259,380"];
	Node1 [label=DelayedMapping, height="0.22", width="1.31", color=black, fillcolor=grey75, style=filled, fontcolor=black, pos="87,16", rects="40,8,135,24"];
	Node2 [label="BaseDelayedMapping\l\< Mapping \>", height="0.39", width="1.64", color=black, fillcolor=white, style=filled, URL="$class_base_delayed_mapping.html", pos="87,76", rects="28,62,146,90"];
	Node3 [label=Mapping, height="0.22", width="0.75", color=black, fillcolor=white, style=filled, URL="$class_mapping.html", tooltip="Represents a changeable mapping (mathematical function) from at least time to Argument::mapped_type. ", pos="56,156", rects="29,148,84,164"];
	Node4 [label=ConstMapping, height="0.22", width="1.14", color=black, fillcolor=white, style=filled, URL="$class_const_mapping.html", tooltip="Represents a not changeable mapping (mathematical function) from domain with at least the time to a A...", pos="56,230", rects="15,222,98,238"];
	Node5 [label=DimensionSet, height="0.22", width="1.06", color=black, fillcolor=white, style=filled, URL="$class_dimension_set.html", tooltip="Represents a set of dimensions which is used to define over which dimensions a mapping is defined (th...", pos="56,304", rects="18,296,95,312"];
	Node6 [label="std::set\< Dimension \>", height="0.22", width="1.56", color=grey75, fillcolor=white, style=filled, pos="56,364", rects="0,356,113,372"];
	Node7 [label="BaseDelayedMapping\l\< Base \>", height="0.39", width="1.64", color=black, fillcolor=white, style=filled, URL="$class_base_delayed_mapping.html", tooltip="Common base for Const- and NonConst-DelayedMapping. ", pos="180,156", rects="121,142,239,170"];
	Node8 [label=Base, height="0.22", width="0.44", color=grey75, fillcolor=white, style=filled, pos="146,230", rects="130,222,162,238"];
	Node2 -> Node1 [dir=back, color=midnightblue, style=solid, pos="s,87,62 87,53 87,43 87,32 87,24"];
	Node3 -> Node2 [dir=back, color=midnightblue, style=solid, pos="s,57,148 58,140 59,130 61,118 65,108 68,102 72,96 75,90"];
	Node4 -> Node3 [dir=back, color=midnightblue, style=solid, pos="s,56,222 56,213 56,198 56,176 56,164"];
	Node5 -> Node4 [dir=back, color=darkorchid3, style=dashed, label=" dimensions", pos="s,56,296 56,287 56,272 56,250 56,238", lp="90,264"];
	Node6 -> Node5 [dir=back, color=midnightblue, style=solid, pos="s,56,356 56,347 56,335 56,321 56,312"];
	Node5 -> Node5 [dir=back, color=darkorchid3, style=dashed, label=" timeDomain\ntimeFreqDomain", pos="s,95,298 104,299 109,300 112,302 112,304 112,308 104,310 95,310", lp="159,304"];
	Node3 -> Node2 [dir=back, color=darkorchid3, style=dashed, label=" mapping", pos="s,60,148 63,139 65,134 67,129 69,124 74,112 79,99 82,90", lp="106,116"];
	Node7 -> Node2 [dir=back, color=orange, style=dashed, label=" \< Mapping \>", pos="s,169,142 163,135 156,126 147,116 138,108 130,101 121,95 113,90", lp="192,116"];
	Node8 -> Node7 [dir=back, color=midnightblue, style=solid, pos="s,150,222 154,215 160,202 168,183 174,170"];
	Node8 -> Node7 [dir=back, color=darkorchid3, style=dashed, label=" mapping", pos="s,155,222 162,215 165,212 168,208 170,204 175,193 177,180 179,170", lp="203,196"];
}
