digraph "Veins::TraCIMobilityAccess::get" {
	graph [rankdir=LR];
	node [label="\N", fontname=Helvetica, fontsize=10, shape=record];
	edge [fontname=Helvetica, fontsize=10, labelfontname=Helvetica, labelfontsize=10];
	graph [bb="0,0,342,62"];
	Node1 [label="Veins::TraCIMobilityAccess::get", height="0.22", width="2.25", color=black, fillcolor=grey75, style=filled, fontcolor=black, pos="90,34", rects="9,26,172,42"];
	Node2 [label="TraCIDemo11p::initialize", height="0.22", width="1.75", color=black, fillcolor=white, style=filled, URL="$class_tra_c_i_demo11p.html#a0f070d06bf6eafef5bf85063f963a13d", tooltip="Initialization of the module and some variables. ", pos="271,54", rects="208,46,334,62"];
	Node3 [label="Veins::TraCITestApp\l::initialize", height="0.39", width="1.56", color=black, fillcolor=white, style=filled, URL="$class_veins_1_1_tra_c_i_test_app.html#a581c6c99b8dcbbdadadc4e69a3febde7", tooltip="Initialization of the module and some variables. ", pos="271,14", rects="215,0,327,28"];
	Node1 -> Node2 [dir=back, color=midnightblue, style=solid, pos="s,172,42 182,43 191,44 201,45 210,46"];
	Node1 -> Node3 [dir=back, color=midnightblue, style=solid, pos="s,172,26 181,25 192,24 204,23 215,21"];
}
