digraph "Mac1609_4::guardActive" {
	graph [rankdir=LR];
	node [label="\N", fontname=Helvetica, fontsize=10, shape=record];
	edge [fontname=Helvetica, fontsize=10, labelfontname=Helvetica, labelfontsize=10];
	graph [bb="0,0,544,88"];
	Node1 [label="Mac1609_4::guardActive", height="0.22", width="1.78", color=black, fillcolor=grey75, style=filled, fontcolor=black, pos="73,42", rects="9,34,138,50"];
	Node2 [label="Mac1609_4::channelIdle", height="0.22", width="1.72", color=black, fillcolor=white, style=filled, URL="$class_mac1609__4.html#a1c6717faaa6b882f1d68153a4a22ae62", pos="251,42", rects="189,34,313,50"];
	Node3 [label="Mac1609_4::handleLowerControl", height="0.22", width="2.36", color=black, fillcolor=white, style=filled, URL="$class_mac1609__4.html#acd9a4c2d76215c064e5ce9dbc717c280", tooltip="Handle control messages from lower layer. ", pos="450,77", rects="365,69,536,85"];
	Node4 [label="Mac1609_4::handleSelfMsg", height="0.22", width="1.97", color=black, fillcolor=white, style=filled, URL="$class_mac1609__4.html#a551d295ebf0b23896f4d272e3db3961d", tooltip="Handle self messages such as timers. ", pos="450,42", rects="379,34,521,50"];
	Node5 [label="Mac1609_4::initialize", height="0.22", width="1.50", color=black, fillcolor=white, style=filled, URL="$class_mac1609__4.html#a898fd0c2fee5cc98d17cac36368133a6", tooltip="States of the channel selecting operation. ", pos="450,8", rects="396,0,505,16"];
	Node6 [label="Mac1609_4::handleUpperMsg", height="0.22", width="2.14", color=black, fillcolor=white, style=filled, URL="$class_mac1609__4.html#ac93bf319ea2065fd7e8c041697e49919", tooltip="Handle messages from upper layer. ", pos="251,8", rects="174,0,328,16"];
	Node1 -> Node2 [dir=back, color=midnightblue, style=solid, pos="s,138,42 148,42 161,42 175,42 189,42"];
	Node2 -> Node3 [dir=back, color=midnightblue, style=solid, pos="s,313,46 322,48 324,49 326,50 328,50 346,55 347,63 364,69"];
	Node2 -> Node4 [dir=back, color=midnightblue, style=solid, pos="s,313,42 323,42 341,42 360,42 379,42"];
	Node2 -> Node5 [dir=back, color=midnightblue, style=solid, pos="s,313,37 322,35 324,35 326,34 328,34 346,28 347,20 364,16 374,13 385,11 395,10"];
	Node1 -> Node3 [dir=back, color=midnightblue, style=solid, pos="s,133,50 142,52 156,54 159,56 174,59 238,68 310,72 364,75"];
	Node1 -> Node6 [dir=back, color=midnightblue, style=solid, pos="s,138,34 146,31 157,25 160,20 174,16"];
}
