digraph "DimensionSet::isSubSet" {
	graph [rankdir=LR];
	node [label="\N", fontname=Helvetica, fontsize=10, shape=record];
	edge [fontname=Helvetica, fontsize=10, labelfontname=Helvetica, labelfontsize=10];
	graph [bb="0,0,330,96"];
	Node1 [label="DimensionSet::isSubSet", height="0.22", width="1.67", color=black, fillcolor=grey75, style=filled, fontcolor=black, pos="69,54", rects="9,46,130,62"];
	Node2 [label="MappingUtils::findMax", height="0.22", width="1.72", color=black, fillcolor=white, style=filled, URL="$class_mapping_utils.html#ac9d1a808dbca5da873af58f1da4cbcf4", tooltip="Iterates over the passed mapping and returns the value at the key entry with the highest value in the...", pos="244,88", rects="182,80,307,96"];
	Node3 [label="MappingUtils::findMin", height="0.22", width="1.69", color=black, fillcolor=white, style=filled, URL="$class_mapping_utils.html#adb9e9ced268b9a5d1d4f6d34738654aa", tooltip="Iterates over the passed mapping and returns the value at the key entry with the smallest value in th...", pos="244,54", rects="183,46,306,62"];
	Node4 [label="SimpleConstMappingIterator\l::SimpleConstMappingIterator", height="0.39", width="2.14", color=black, fillcolor=white, style=filled, URL="$class_simple_const_mapping_iterator.html#aef703d1c7304041f2594886e902134ed", tooltip="Initializes the ConstIterator for the passed ConstMapping, with the passed key entries to iterate ove...", pos="244,14", rects="167,0,322,28"];
	Node1 -> Node2 [dir=back, color=midnightblue, style=solid, pos="s,130,62 138,65 149,70 152,76 166,80 171,81 176,82 181,83"];
	Node1 -> Node3 [dir=back, color=midnightblue, style=solid, pos="s,130,54 140,54 154,54 168,54 182,54"];
	Node1 -> Node4 [dir=back, color=midnightblue, style=solid, pos="s,130,46 139,43 149,37 153,32 166,28"];
}
