digraph "Argument::setTime" {
	graph [rankdir=LR];
	node [label="\N", fontname=Helvetica, fontsize=10, shape=record];
	edge [fontname=Helvetica, fontsize=10, labelfontname=Helvetica, labelfontsize=10];
	graph [bb="0,0,884,812"];
	Node1 [label="Argument::setTime", height="0.22", width="1.42", color=black, fillcolor=grey75, style=filled, fontcolor=black, pos="60,421", rects="9,413,112,429"];
	Node2 [label="MappingUtils::addDiscontinuity", height="0.22", width="2.28", color=black, fillcolor=white, style=filled, URL="$class_mapping_utils.html#af1b74160ce464f825e0715f1fc656f5f", tooltip="Adds a discontinuity in time-dimension, i.e. ", pos="231,798", rects="149,790,314,806"];
	Node3 [label="BaseMacLayer::createRectangle\lMapping", height="0.39", width="2.28", color=black, fillcolor=white, style=filled, URL="$class_base_mac_layer.html#a23ed373dcfd98255df5f5ffa7e30eec6", tooltip="Creates a simple Mapping with a constant curve progression at the passed value and discontinuities at...", pos="433,798", rects="351,784,515,812"];
	Node4 [label="BaseMacLayer::createSignal", height="0.22", width="2.00", color=black, fillcolor=white, style=filled, URL="$class_base_mac_layer.html#a28ca155ff241c3e202a94724cc87b232", tooltip="Creates a simple Signal defined over time with the passed parameters. ", pos="625,798", rects="553,790,698,806"];
	Node5 [label="Decider80211p::calcChannel\lSenseRSSI", height="0.39", width="1.94", color=black, fillcolor=white, style=filled, URL="$class_decider80211p.html#a09e54d78f37b5e61aa100ea5b9f3083f", tooltip="Calculates the RSSI value for the passed ChannelSenseRequest. ", pos="231,758", rects="161,744,301,772"];
	Node6 [label="Decider80211p::cca", height="0.22", width="1.33", color=black, fillcolor=white, style=filled, URL="$class_decider80211p.html#aeba984a7f23ef26ce8b22b0bfef88947", pos="231,680", rects="183,672,279,688"];
	Node7 [label="Decider80211p::processNew\lSignal", height="0.39", width="1.92", color=black, fillcolor=white, style=filled, URL="$class_decider80211p.html#a2a8f4a380e5a2ba44c36e43cc2033270", tooltip="Processes a new Signal. ", pos="433,726", rects="364,712,503,740"];
	Node8 [label="Decider80211p::processSignalEnd", height="0.22", width="2.31", color=black, fillcolor=white, style=filled, URL="$class_decider80211p.html#ac39637b3c4cfad57ba0b4518fea264d9", tooltip="Processes a received AirFrame. ", pos="433,640", rects="350,632,516,648"];
	Node9 [label="PhyLayer80211p::handleSelf\lMessage", height="0.39", width="2.00", color=black, fillcolor=white, style=filled, URL="$class_phy_layer80211p.html#a6ab453897d17cd1dab056d03594dbb72", tooltip="Handles self scheduled messages. ", pos="433,680", rects="361,666,505,694"];
	Node10 [label="Decider80211p::checkIfSignalOk", height="0.22", width="2.25", color=black, fillcolor=white, style=filled, URL="$class_decider80211p.html#a01349c12df6c01678d1e25553b754819", tooltip="Checks a mapping against a specific threshold (element-wise). ", pos="231,608", rects="150,600,313,616"];
	Node11 [label="SimpleConstMapping\l::createKeyEntries", height="0.39", width="1.61", color=black, fillcolor=white, style=filled, URL="$class_simple_const_mapping.html#a3804bf19eee40fe09c626b7ca9e0885e", tooltip="Utility method to fill add range of key entries in the time dimension to the key entry set...", pos="231,568", rects="173,554,289,582"];
	Node12 [label="SimpleConstMapping\l::createKeyEntries", height="0.39", width="1.61", color=black, fillcolor=white, style=filled, URL="$class_simple_const_mapping.html#aa6f392c0904f66eb264c597980873367", tooltip="Utility method to fill add range of key entries in the passed dimension (and recursively its sub dime...", pos="433,554", rects="375,540,491,568"];
	Node13 [label="SimpleConstMapping\l::initializeArguments", height="0.39", width="1.61", color=black, fillcolor=white, style=filled, URL="$class_simple_const_mapping.html#aca948c360cd24e21a92c80bf5f53cf16", tooltip="Initializes the key entry set with the passed min, max and interval-Arguments. ", pos="433,600", rects="375,586,491,614"];
	Node14 [label="Mac1609_4::createSignal", height="0.22", width="1.75", color=black, fillcolor=white, style=filled, URL="$class_mac1609__4.html#aa19fc16c9c52fbe7a896f725cc8a7883", pos="433,514", rects="370,506,496,522"];
	Node15 [label="Mac1609_4::attachSignal", height="0.22", width="1.75", color=black, fillcolor=white, style=filled, URL="$class_mac1609__4.html#a077b6bebe9a8f8d2a6fcce31c6af86a7", pos="625,521", rects="562,513,689,529"];
	Node16 [label="Mac1609_4::handleSelfMsg", height="0.22", width="1.97", color=black, fillcolor=white, style=filled, URL="$class_mac1609__4.html#a551d295ebf0b23896f4d272e3db3961d", tooltip="Handle self messages such as timers. ", pos="805,521", rects="734,513,876,529"];
	Node17 [label="BaseMacLayer::createSingle\lFrequencyMapping", height="0.39", width="2.00", color=black, fillcolor=white, style=filled, URL="$class_base_mac_layer.html#a3da0a0f34a80528e6efcb5593a073c55", tooltip="Creates a Mapping defined over time and frequency with constant power in a certain frequency band...", pos="231,484", rects="159,470,304,498"];
	Node18 [label="BaseDelayedIterator\l::delayPosition", height="0.39", width="1.50", color=black, fillcolor=white, style=filled, URL="$class_base_delayed_iterator.html#a2f79592eaa15f47a5c2758572ed58ce0", pos="231,400", rects="177,386,286,414"];
	Node19 [label="BaseDelayedIterator\l::updatePosition", height="0.39", width="1.50", color=black, fillcolor=white, style=filled, URL="$class_base_delayed_iterator.html#a13b0a9510f63d62886e3359f5f1bcdb1", pos="433,396", rects="379,382,488,410"];
	Node20 [label="BaseDelayedIterator\l::BaseDelayedIterator", height="0.39", width="1.56", color=black, fillcolor=white, style=filled, URL="$class_base_delayed_iterator.html#abcab9572c280c99fef14ddd0a87412f9", pos="625,389", rects="569,375,681,403"];
	Node21 [label="BaseDelayedIterator\l::jumpTo", height="0.39", width="1.50", color=black, fillcolor=white, style=filled, URL="$class_base_delayed_iterator.html#aa0c12e487930b671c16e697782c4fcf3", pos="625,435", rects="571,421,680,449"];
	Node22 [label="BaseDelayedIterator\l::jumpToBegin", height="0.39", width="1.50", color=black, fillcolor=white, style=filled, URL="$class_base_delayed_iterator.html#a46a0da319b981b94d0c6e2bf73d0e28b", pos="625,343", rects="571,329,680,357"];
	Node23 [label="BaseDelayedIterator\l::iterateTo", height="0.39", width="1.50", color=black, fillcolor=white, style=filled, URL="$class_base_delayed_iterator.html#abc9b1227759ade39f70bde566d7ca596", pos="625,481", rects="571,467,680,495"];
	Node24 [label="BaseDelayedIterator\l::next", height="0.39", width="1.50", color=black, fillcolor=white, style=filled, URL="$class_base_delayed_iterator.html#a0f4e26de87701b0d5522101c6161c568", pos="625,297", rects="571,283,680,311"];
	Node25 [label="BaseDelayedMapping\l\< Mapping \>::delayPosition", height="0.39", width="2.00", color=black, fillcolor=white, style=filled, URL="$class_base_delayed_mapping.html#a98979867884249cd5e2644ec9ebc2adb", pos="231,354", rects="159,340,303,368"];
	Node26 [label="LogNormalShadowing\l::filterSignal", height="0.39", width="1.69", color=black, fillcolor=white, style=filled, URL="$class_log_normal_shadowing.html#abecf1f338dc41facc038dbcd8a863ccd", tooltip="Calculates shadowing loss based on a normal gaussian function. ", pos="231,308", rects="170,294,293,322"];
	Node27 [label="TimeMappingIterator\l::iterateTo", height="0.39", width="1.61", color=black, fillcolor=white, style=filled, URL="$class_time_mapping_iterator.html#adf215619550c90677bb8784e61813c45", tooltip="Iterates to the specified position. ", pos="231,262", rects="173,248,290,276"];
	Node28 [label="TimeMappingIterator\l::jumpTo", height="0.39", width="1.61", color=black, fillcolor=white, style=filled, URL="$class_time_mapping_iterator.html#a41457ef9679298443d01dd5d29d63864", tooltip="Lets the iterator point to the passed position. ", pos="231,216", rects="173,202,290,230"];
	Node29 [label="TimeMappingIterator\l::jumpToBegin", height="0.39", width="1.61", color=black, fillcolor=white, style=filled, URL="$class_time_mapping_iterator.html#ac7a2b12c7ac068980d72b374d2ea4182", tooltip="Lets the iterator point to the begin of the mapping. ", pos="231,170", rects="173,156,290,184"];
	Node30 [label="TimeMappingIterator\l::next", height="0.39", width="1.61", color=black, fillcolor=white, style=filled, URL="$class_time_mapping_iterator.html#aa12e17f8a08312b3661671c1c2b6c4ea", tooltip="Iterates to the next position of the function. ", pos="433,109", rects="375,95,492,123"];
	Node31 [label="ConstMapping::print", height="0.22", width="1.53", color=black, fillcolor=white, style=filled, URL="$class_const_mapping.html#a526e8d5b948e9b2ce9d729e66b162e13", tooltip="Prints the Mapping to an output stream. ", pos="231,8", rects="176,0,286,16"];
	Node32 [label="TimeMappingIterator\l::TimeMappingIterator", height="0.39", width="1.67", color=black, fillcolor=white, style=filled, URL="$class_time_mapping_iterator.html#a0bdf656d6e53fda33b555b0c100af6ff", tooltip="Initializes the Iterator to use the passed InterpolateableMapIterator. ", pos="433,54", rects="373,40,493,68"];
	Node33 [label="BaseDelayedIterator\l::undelayPosition", height="0.39", width="1.50", color=black, fillcolor=white, style=filled, URL="$class_base_delayed_iterator.html#adc48153655a44a6cb038437df65dd8d8", pos="433,442", rects="379,428,488,456"];
	Node34 [label="TimeMappingIterator\l::updateNextPos", height="0.39", width="1.61", color=black, fillcolor=white, style=filled, URL="$class_time_mapping_iterator.html#a1a9382671669207404a7edba9469145e", pos="231,86", rects="173,72,290,100"];
	Node1 -> Node2 [dir=back, color=midnightblue, style=solid, pos="s,112,429 118,437 162,506 93,735 148,790"];
	Node2 -> Node3 [dir=back, color=midnightblue, style=solid, pos="s,314,798 324,798 333,798 342,798 351,798"];
	Node3 -> Node4 [dir=back, color=midnightblue, style=solid, pos="s,515,798 525,798 534,798 543,798 552,798"];
	Node1 -> Node5 [dir=back, color=midnightblue, style=solid, pos="s,112,429 119,437 202,536 54,644 148,744 152,748 156,751 161,753"];
	Node1 -> Node6 [dir=back, color=midnightblue, style=solid, pos="s,112,429 119,436 182,512 71,598 148,672 157,681 170,684 183,685"];
	Node6 -> Node7 [dir=back, color=midnightblue, style=solid, pos="s,279,680 288,682 297,683 306,685 314,688 333,694 333,704 350,712 354,714 359,715 363,716"];
	Node6 -> Node8 [dir=back, color=midnightblue, style=solid, pos="s,279,679 287,678 296,677 305,675 314,672 333,665 332,654 350,648"];
	Node6 -> Node9 [dir=back, color=midnightblue, style=solid, pos="s,279,680 288,680 311,680 337,680 361,680"];
	Node1 -> Node10 [dir=back, color=midnightblue, style=solid, pos="s,112,429 119,436 163,488 93,550 148,600 148,600 149,601 149,601"];
	Node10 -> Node8 [dir=back, color=midnightblue, style=solid, pos="s,313,616 322,618 332,622 337,628 350,632"];
	Node1 -> Node11 [dir=back, color=midnightblue, style=solid, pos="s,112,429 119,436 150,473 108,517 148,554 155,560 164,564 173,566"];
	Node11 -> Node12 [dir=back, color=midnightblue, style=solid, pos="s,289,564 298,563 323,562 351,560 375,558"];
	Node11 -> Node13 [dir=back, color=midnightblue, style=solid, pos="s,289,577 298,579 323,583 351,587 375,591"];
	Node1 -> Node14 [dir=back, color=midnightblue, style=solid, pos="s,80,429 88,431 100,432 108,432 120,441 138,453 138,461 144,482 146,487 144,503 148,507 164,521 291,519 370,516"];
	Node14 -> Node15 [dir=back, color=midnightblue, style=solid, pos="s,496,516 506,516 524,517 543,518 561,518"];
	Node15 -> Node16 [dir=back, color=midnightblue, style=solid, pos="s,689,521 699,521 710,521 722,521 734,521"];
	Node1 -> Node17 [dir=back, color=midnightblue, style=solid, pos="s,112,429 120,434 133,445 130,460 148,470 151,472 155,473 158,475"];
	Node17 -> Node14 [dir=back, color=midnightblue, style=solid, pos="s,304,496 313,498 313,498 314,498 314,498 331,501 334,503 350,506 356,507 363,508 370,508"];
	Node1 -> Node18 [dir=back, color=midnightblue, style=solid, pos="s,112,415 121,414 139,411 159,409 176,407"];
	Node18 -> Node19 [dir=back, color=midnightblue, style=solid, pos="s,286,399 294,399 321,399 352,398 378,397"];
	Node19 -> Node20 [dir=back, color=midnightblue, style=solid, pos="s,488,394 497,394 520,393 546,392 569,391"];
	Node19 -> Node21 [dir=back, color=midnightblue, style=solid, pos="s,488,404 497,406 503,407 510,409 516,410 533,413 536,416 552,421 558,422 564,424 570,425"];
	Node19 -> Node22 [dir=back, color=midnightblue, style=solid, pos="s,488,390 497,388 503,387 510,385 516,382 535,374 535,364 552,357 558,355 564,353 570,351"];
	Node19 -> Node23 [dir=back, color=midnightblue, style=solid, pos="s,488,398 497,401 504,403 510,406 516,410 541,426 528,450 552,467 558,471 564,473 570,475"];
	Node19 -> Node24 [dir=back, color=midnightblue, style=solid, pos="s,488,394 497,392 504,390 510,386 516,382 545,361 524,332 552,311 557,307 564,304 570,302"];
	Node1 -> Node25 [dir=back, color=midnightblue, style=solid, pos="s,112,413 120,407 133,395 129,378 148,368 151,366 155,364 159,363"];
	Node1 -> Node26 [dir=back, color=midnightblue, style=solid, pos="s,112,413 119,407 143,380 117,347 148,322 154,317 162,313 169,311"];
	Node1 -> Node27 [dir=back, color=midnightblue, style=solid, pos="s,112,413 119,406 153,365 104,316 148,276 155,270 163,266 172,263"];
	Node1 -> Node28 [dir=back, color=midnightblue, style=solid, pos="s,112,413 118,406 166,350 91,285 148,230 155,223 163,219 172,217"];
	Node1 -> Node29 [dir=back, color=midnightblue, style=solid, pos="s,112,413 118,406 178,335 78,256 148,184 155,177 163,173 172,171"];
	Node1 -> Node30 [dir=back, color=midnightblue, style=solid, pos="s,73,413 81,410 95,405 103,408 116,399 134,388 139,381 144,362 148,350 141,156 148,147 177,115 300,109 374,108"];
	Node1 -> Node31 [dir=back, color=midnightblue, style=solid, pos="s,112,413 118,405 167,329 88,77 148,16 156,9 165,5 176,3"];
	Node1 -> Node7 [dir=back, color=midnightblue, style=solid, pos="s,75,429 84,432 95,434 100,433 112,439 134,448 138,457 144,480 148,491 140,688 148,697 177,727 289,730 363,729"];
	Node1 -> Node8 [dir=back, color=midnightblue, style=solid, pos="s,73,429 81,432 96,437 106,435 120,446 137,457 140,464 144,484 146,491 143,619 148,625 176,653 276,652 350,647"];
	Node1 -> Node32 [dir=back, color=midnightblue, style=solid, pos="s,72,413 81,410 94,406 100,408 112,402 137,387 140,374 144,346 146,338 143,69 148,63 178,33 299,39 373,47"];
	Node1 -> Node33 [dir=back, color=midnightblue, style=solid, pos="s,112,424 121,425 193,429 310,435 378,439"];
	Node33 -> Node21 [dir=back, color=midnightblue, style=solid, pos="s,488,440 497,440 521,439 547,438 570,437"];
	Node33 -> Node23 [dir=back, color=midnightblue, style=solid, pos="s,488,450 497,452 503,453 510,455 516,456 533,459 536,462 552,467 558,468 564,470 570,471"];
	Node1 -> Node34 [dir=back, color=midnightblue, style=solid, pos="s,112,413 118,406 203,307 54,200 148,100 155,93 163,89 172,86"];
	Node34 -> Node32 [dir=back, color=midnightblue, style=solid, pos="s,290,77 298,76 322,72 349,67 373,63"];
	Node34 -> Node30 [dir=back, color=midnightblue, style=solid, pos="s,290,93 298,94 323,97 351,99 374,102"];
}
