digraph "ConstMappingIterator::iterateTo" {
	graph [rankdir=LR];
	node [label="\N", fontname=Helvetica, fontsize=10, shape=record];
	edge [fontname=Helvetica, fontsize=10, labelfontname=Helvetica, labelfontsize=10];
	graph [bb="0,0,494,326"];
	Node1 [label="ConstMappingIterator\l::iterateTo", height="0.39", width="1.64", color=black, fillcolor=grey75, style=filled, fontcolor=black, pos="68,163", rects="9,149,128,177"];
	Node2 [label="MappingUtils::applyElement\lWiseOperator", height="0.39", width="2.08", color=black, fillcolor=white, style=filled, URL="$class_mapping_utils.html#a2864c33a93f9ce23403d0c84ca9a19e2", pos="246,312", rects="171,298,321,326"];
	Node3 [label="SNRThresholdDecider\l::checkIfAboveThreshold", height="0.39", width="1.83", color=black, fillcolor=white, style=filled, URL="$class_s_n_r_threshold_decider.html#a1d796e2f0da1c41810c5f2c5b4cfcd2e", tooltip="Checks a mapping against a specific threshold (element-wise). ", pos="246,266", rects="180,252,312,280"];
	Node4 [label="SNRThresholdDecider\l::processSignalEnd", height="0.39", width="1.67", color=black, fillcolor=white, style=filled, URL="$class_s_n_r_threshold_decider.html#a6002f2ee8ffa35ded0162c72f93c9fba", tooltip="Processes a received AirFrame. ", pos="425,266", rects="365,252,486,280"];
	Node5 [label="MappingUtils::findMin", height="0.22", width="1.69", color=black, fillcolor=white, style=filled, URL="$class_mapping_utils.html#adb9e9ced268b9a5d1d4f6d34738654aa", tooltip="Iterates over the passed mapping and returns the value at the key entry with the smallest value in th...", pos="246,226", rects="185,218,308,234"];
	Node6 [label="LinearIntplMappingIterator\l::iterateTo", height="0.39", width="2.03", color=black, fillcolor=white, style=filled, URL="$class_linear_intpl_mapping_iterator.html#aba27952eacf852f6098aa05bc7bc3c8d", tooltip="Increases the iterator to the passed position. ", pos="246,186", rects="173,172,320,200"];
	Node7 [label="ConstMappingIteratorWrapper\l::iterateTo", height="0.39", width="2.28", color=black, fillcolor=white, style=filled, URL="$class_const_mapping_iterator_wrapper.html#ab96b7f5eca4759cdeaad879512340b93", tooltip="Iterates to the specified position. ", pos="246,140", rects="164,126,328,154"];
	Node8 [label="MultiDimMappingIterator\l\< Linear \>::iterateTo", height="0.39", width="1.94", color=black, fillcolor=white, style=filled, URL="$class_multi_dim_mapping_iterator.html#a3a3b5ddc5aa1636772b9a89c085acdfc", tooltip="Iterates to the specified position. ", pos="246,94", rects="176,80,317,108"];
	Node9 [label="MappingUtils::iterateToNext", height="0.22", width="2.06", color=black, fillcolor=white, style=filled, URL="$class_mapping_utils.html#a6a768601098bcb0d998be2c742126433", pos="246,54", rects="172,46,321,62"];
	Node10 [label="RSAMConstMappingIterator\l::next", height="0.39", width="2.14", color=black, fillcolor=white, style=filled, URL="$class_r_s_a_m_const_mapping_iterator.html#a919ae04b93ed239dc2f5566a383f28d4", tooltip="Iterates to the next position of the function. ", pos="246,14", rects="169,0,324,28"];
	Node1 -> Node2 [dir=back, color=midnightblue, style=solid, pos="s,128,177 135,185 163,221 126,262 164,298 166,300 168,301 171,303"];
	Node1 -> Node3 [dir=back, color=midnightblue, style=solid, pos="s,128,177 135,183 153,205 138,231 164,252 169,256 174,258 180,260"];
	Node3 -> Node4 [dir=back, color=midnightblue, style=solid, pos="s,312,266 322,266 336,266 351,266 364,266"];
	Node1 -> Node5 [dir=back, color=midnightblue, style=solid, pos="s,128,177 136,183 148,194 146,208 164,218 170,221 177,223 184,225"];
	Node1 -> Node6 [dir=back, color=midnightblue, style=solid, pos="s,128,171 137,172 148,174 161,175 172,176"];
	Node1 -> Node7 [dir=back, color=midnightblue, style=solid, pos="s,128,155 137,154 145,153 155,152 164,151"];
	Node1 -> Node8 [dir=back, color=midnightblue, style=solid, pos="s,128,149 135,144 148,132 146,118 164,108 168,106 171,104 175,103"];
	Node1 -> Node9 [dir=back, color=midnightblue, style=solid, pos="s,128,149 135,142 156,115 134,84 164,62 166,60 169,59 171,57"];
	Node1 -> Node10 [dir=back, color=midnightblue, style=solid, pos="s,128,149 134,142 164,105 125,63 164,28 165,27 167,26 168,25"];
}
