digraph "BaseMobility::handleMessage" {
	graph [rankdir=LR];
	node [label="\N", fontname=Helvetica, fontsize=10, shape=record];
	edge [fontname=Helvetica, fontsize=10, labelfontname=Helvetica, labelfontsize=10];
	graph [bb="0,0,912,442"];
	Node1 [label="BaseMobility::handleMessage", height="0.22", width="2.11", color=black, fillcolor=grey75, style=filled, fontcolor=black, pos="84,174", rects="8,166,160,182"];
	Node2 [label="BaseMobility::handleBorderMsg", height="0.22", width="2.31", color=black, fillcolor=white, style=filled, URL="$class_base_mobility.html#a1cd10753592e8eeb018d8f774ce862c6", tooltip="Called upon arrival of a border messages. ", pos="280,244", rects="197,236,364,252"];
	Node3 [label="Move::info", height="0.22", width="0.86", color=black, fillcolor=white, style=filled, URL="$class_move.html#a0287300e9580229fdd0c4c2c13e9527d", tooltip="Returns information about the current state. ", pos="661,280", rects="630,272,692,288"];
	Node4 [label="Coord::info", height="0.22", width="0.86", color=black, fillcolor=white, style=filled, URL="$class_coord.html#a86994bfa7096155d951abb03dcf30bf1", tooltip="Returns a string with the value of the coordinate. ", pos="838,339", rects="807,331,870,347"];
	Node5 [label="BorderMsg::getPolicy", height="0.22", width="1.56", color=black, fillcolor=white, style=filled, URL="$class_border_msg.html#aacd57bf5f4b451f2cd0dcb8e046003b8", pos="475,244", rects="419,236,532,252"];
	Node6 [label="Move::setStart", height="0.22", width="1.06", color=black, fillcolor=white, style=filled, URL="$class_move.html#a385a1d6229f2490fdbe26f9266f29188", tooltip="Sets start position (components in meters) and start time. ", pos="475,210", rects="437,202,514,218"];
	Node7 [label="BorderMsg::getStartPos", height="0.22", width="1.69", color=black, fillcolor=white, style=filled, URL="$class_border_msg.html#ad8cf7509b53714e4e0212e137d371bec", pos="475,176", rects="414,168,537,184"];
	Node8 [label="Move::setDirectionByVector", height="0.22", width="2.06", color=black, fillcolor=white, style=filled, URL="$class_move.html#a1700ddcd2a41917a29747abaf2aee294", tooltip="Sets the direction to the passed vector, which must be already normalized or the 0-vector. ", pos="475,316", rects="401,308,549,324"];
	Node9 [label="FWMath::close", height="0.22", width="1.11", color=black, fillcolor=white, style=filled, URL="$class_f_w_math.html#a38d2500887b49de2a2b5f8610f7ba6d1", tooltip="Tests whether two doubles are close enough to be declared equal. ", pos="661,349", rects="621,341,702,357"];
	Node10 [label="Coord::squareLength", height="0.22", width="1.53", color=black, fillcolor=white, style=filled, URL="$class_coord.html#a278c018d6de54a020c39b3b1afaec50e", tooltip="Returns the square of the length of this Coords position vector. ", pos="661,315", rects="606,307,716,323"];
	Node11 [label="BorderMsg::getDirection", height="0.22", width="1.78", color=black, fillcolor=white, style=filled, URL="$class_border_msg.html#a101c3dea676ad7866d882b6c985b8962", pos="475,434", rects="411,426,539,442"];
	Node12 [label="Move::getStartPos", height="0.22", width="1.33", color=black, fillcolor=white, style=filled, URL="$class_move.html#aeab90c9059a2c9214e491a58833b3c3c", tooltip="Returns the start position. ", pos="661,156", rects="613,148,709,164"];
	Node13 [label="BaseMobility::fixIfHostGets\lOutside", height="0.39", width="2.03", color=black, fillcolor=white, style=filled, URL="$class_base_mobility.html#acf49d9a33d055f987e4d978af8e3a30c", tooltip="Should be redefined in subclasses. ", pos="475,356", rects="402,342,548,370"];
	Node14 [label="BaseMobility::updatePosition", height="0.22", width="2.08", color=black, fillcolor=white, style=filled, URL="$class_base_mobility.html#a291eed23c07d4693a5fa4164aa80934e", tooltip="Update the position information for this node. ", pos="475,104", rects="400,96,550,112"];
	Node15 [label="BaseModule::findHost", height="0.22", width="1.61", color=black, fillcolor=white, style=filled, URL="$class_base_module.html#a1d2d2af49918dfb9ae036b1d086b123a", tooltip="Function to get a pointer to the host module. ", pos="661,88", rects="603,80,720,96"];
	Node16 [label="FindModule::findHost", height="0.22", width="1.61", color=black, fillcolor=white, style=filled, URL="$class_find_module.html#ad213402248cfa94efe6513d4944a44b3", tooltip="Returns a pointer to the host module of the passed module. ", pos="838,88", rects="780,80,897,96"];
	Node17 [label="BaseWorldUtility::use2D", height="0.22", width="1.81", color=black, fillcolor=white, style=filled, URL="$class_base_world_utility.html#a84c3d488e01d52be51c686e3fb206498", tooltip="Returns true if the world is 2-dimensional. ", pos="661,54", rects="596,46,726,62"];
	Node18 [label="BaseMobility::playground\lSizeZ", height="0.39", width="1.86", color=black, fillcolor=white, style=filled, URL="$class_base_mobility.html#a1245dec457a2d33c8dd1a70ccd74ea33", tooltip="Returns the height of the playground. ", pos="661,14", rects="594,0,729,28"];
	Node19 [label="BaseWorldUtility::getPgs", height="0.22", width="1.81", color=black, fillcolor=white, style=filled, URL="$class_base_world_utility.html#a179c8bf9d4613cbb1af0a85d779827a6", tooltip="Returns the playgroundSize. ", pos="838,14", rects="773,6,904,22"];
	Node20 [label="BaseMobility::iconSizeToTag", height="0.22", width="2.08", color=black, fillcolor=white, style=filled, URL="$class_base_mobility.html#a4385f329f6d9df7294297c98028083e2", tooltip="Maps the passed size in pixels to an appropriate icon size tag (is). ", pos="661,122", rects="586,114,736,130"];
	Node21 [label="BaseMobility::handleSelfMsg", height="0.22", width="2.11", color=black, fillcolor=white, style=filled, URL="$class_base_mobility.html#a70b2b357a4cef14850cd4edd440a13a7", tooltip="Called upon arrival of a self messages. ", pos="280,87", rects="204,79,356,95"];
	Node22 [label="BaseMobility::makeMove", height="0.22", width="1.86", color=black, fillcolor=white, style=filled, URL="$class_base_mobility.html#a9774524fd5f2d3ef348dc67f2af0f491", tooltip="Moves the host. ", pos="475,70", rects="408,62,542,78"];
	Node23 [label="Move::getSpeed", height="0.22", width="1.17", color=black, fillcolor=white, style=filled, URL="$class_move.html#a3db12757bf11ac7f025b2496d09e4941", tooltip="Returns the current speed. ", pos="475,36", rects="433,28,517,44"];
	Node1 -> Node2 [color=midnightblue, style=solid, pos="e,196,236 160,182 182,194 175,215 189,230"];
	Node2 -> Node3 [color=midnightblue, style=solid, pos="e,630,280 359,252 361,252 362,253 364,253 381,255 384,258 400,261 495,275 520,273 615,279 617,279 618,279 620,279"];
	Node3 -> Node4 [color=midnightblue, style=solid, pos="e,806,340 692,278 707,278 723,281 736,288 758,299 751,319 772,331 779,335 788,338 796,339"];
	Node2 -> Node5 [color=midnightblue, style=solid, pos="e,418,244 364,244 379,244 394,244 408,244"];
	Node2 -> Node6 [color=midnightblue, style=solid, pos="e,436,211 364,236 382,231 383,223 400,218 409,215 418,213 427,212"];
	Node2 -> Node7 [color=midnightblue, style=solid, pos="e,413,178 364,236 389,221 376,198 400,184 401,183 403,182 404,181"];
	Node2 -> Node8 [color=midnightblue, style=solid, pos="e,401,308 364,252 387,265 378,286 393,302"];
	Node8 -> Node9 [color=midnightblue, style=solid, pos="e,620,347 549,324 549,324 550,324 550,324 568,328 569,336 586,341 594,343 602,345 610,346"];
	Node8 -> Node10 [color=midnightblue, style=solid, pos="e,606,315 549,316 565,316 581,315 596,315"];
	Node2 -> Node11 [color=midnightblue, style=solid, pos="e,411,433 364,252 423,304 342,372 400,426 401,427 402,427 402,428"];
	Node2 -> Node12 [color=midnightblue, style=solid, pos="e,613,153 337,236 350,233 362,230 368,227 390,214 391,203 396,179 399,170 394,164 400,159 415,146 531,150 604,153"];
	Node2 -> Node4 [color=midnightblue, style=solid, pos="e,806,340 343,252 350,254 357,257 364,260 373,264 374,267 380,275 394,291 393,299 396,320 398,326 396,374 400,379 422,399 726,36\
8 736,366 754,361 755,352 772,347 780,345 788,343 796,342"];
	Node2 -> Node13 [color=midnightblue, style=solid, pos="e,402,343 364,252 397,275 371,309 394,336"];
	Node2 -> Node14 [color=midnightblue, style=solid, pos="e,400,112 364,236 406,201 363,155 393,119"];
	Node14 -> Node3 [color=midnightblue, style=solid, pos="e,630,284 550,112 605,160 532,223 586,272 595,280 608,283 620,284"];
	Node14 -> Node15 [color=midnightblue, style=solid, pos="e,602,93 550,98 564,96 579,95 593,94"];
	Node15 -> Node16 [color=midnightblue, style=solid, pos="e,779,88 720,88 736,88 753,88 769,88"];
	Node14 -> Node12 [color=midnightblue, style=solid, pos="e,613,155 550,112 571,121 566,138 586,148 591,151 597,152 603,154"];
	Node14 -> Node17 [color=midnightblue, style=solid, pos="e,596,58 550,96 570,87 567,72 586,62 586,62 586,62 587,62"];
	Node14 -> Node18 [color=midnightblue, style=solid, pos="e,593,24 550,96 578,77 560,50 584,30"];
	Node18 -> Node19 [color=midnightblue, style=solid, pos="e,772,14 729,14 740,14 751,14 762,14"];
	Node14 -> Node20 [color=midnightblue, style=solid, pos="e,586,115 550,111 559,112 567,112 576,114"];
	Node1 -> Node21 [color=midnightblue, style=solid, pos="e,204,91 160,166 190,145 167,115 195,96"];
	Node21 -> Node22 [color=midnightblue, style=solid, pos="e,408,76 356,80 370,79 384,78 398,77"];
	Node21 -> Node14 [color=midnightblue, style=solid, pos="e,400,97 356,94 367,95 378,96 390,96"];
	Node21 -> Node23 [color=midnightblue, style=solid, pos="e,433,36 356,82 359,81 361,80 364,79 385,70 380,54 400,44 407,40 415,38 423,37"];
}
