digraph BasePhyLayer {
	graph [rankdir=LR];
	node [label="\N", fontname=Helvetica, fontsize=10, shape=record];
	edge [fontname=Helvetica, fontsize=10, labelfontname=Helvetica, labelfontsize=10];
	graph [bb="0,0,1318,611"];
	Node1 [label=BasePhyLayer, height="0.22", width="1.14", color=black, fillcolor=grey75, style=filled, fontcolor=black, pos="1269,196", rects="1228,188,1310,204"];
	Node2 [label="Veins::ChannelAccess", height="0.22", width="1.58", color=black, fillcolor=white, style=filled, URL="$class_veins_1_1_channel_access.html", pos="1032,429", rects="975,421,1090,437"];
	Node3 [label="Veins::BatteryAccess", height="0.22", width="1.53", color=black, fillcolor=white, style=filled, URL="$class_veins_1_1_battery_access.html", pos="798,505", rects="743,497,853,513"];
	Node4 [label=BaseModule, height="0.22", width="0.97", color=black, fillcolor=white, style=filled, URL="$class_base_module.html", tooltip="Base class for all simple modules of a host. ", pos="301,505", rects="266,497,337,513"];
	Node5 [label=cSimpleModule, height="0.22", width="1.19", color=grey75, fillcolor=white, style=filled, pos="65,407", rects="22,399,108,415"];
	Node6 [label=cListener, height="0.22", width="0.75", color=grey75, fillcolor=white, style=filled, pos="65,505", rects="38,497,92,513"];
	Node7 [label=simsignalwrap_t, height="0.22", width="1.25", color=black, fillcolor=white, style=filled, URL="$classsimsignalwrap__t.html", tooltip="Helper function to initialize signal change identifier on use and not on initializing static sections...", pos="65,573", rects="20,565,111,581"];
	Node8 [label=BaseBattery, height="0.22", width="0.94", color=black, fillcolor=white, style=filled, URL="$class_base_battery.html", tooltip="Base class for any power source. ", pos="520,505", rects="486,497,555,513"];
	Node9 [label=ChannelMobilityAccessType, height="0.22", width="2.11", color=black, fillcolor=white, style=filled, URL="$class_access_module_wrap.html", tooltip="Finds and returns the pointer to a module of type T. ", pos="798,451", rects="722,443,874,459"];
	Node10 [label=BaseWorldUtility, height="0.22", width="1.33", color=black, fillcolor=white, style=filled, URL="$class_base_world_utility.html", tooltip="Provides information and utility methods for the whole simulation. ", pos="798,301", rects="750,293,846,309"];
	Node11 [label=Coord, height="0.22", width="0.56", color=black, fillcolor=white, style=filled, URL="$class_coord.html", tooltip="Class for storing 3D coordinates. ", pos="520,318", rects="500,310,540,326"];
	Node12 [label=cObject, height="0.22", width="0.64", color=grey75, fillcolor=white, style=filled, pos="301,318", rects="278,310,325,326"];
	Node13 [label=BaseConnectionManager, height="0.22", width="1.83", color=black, fillcolor=white, style=filled, URL="$class_base_connection_manager.html", tooltip="Module to control the channel and handle all connection related stuff. ", pos="798,407", rects="732,399,865,415"];
	Node14 [label="BaseConnectionManager\l::GridCoord", height="0.39", width="1.83", color=black, fillcolor=white, style=filled, URL="$class_base_connection_manager_1_1_grid_coord.html", tooltip="Represents a position inside a grid. ", pos="520,453", rects="454,439,587,467"];
	Node15 [label=DeciderToPhyInterface, height="0.22", width="1.72", color=black, fillcolor=white, style=filled, URL="$class_decider_to_phy_interface.html", tooltip="This class is the interface for a Decider to the BasePhyLayer. ", pos="798,225", rects="736,217,861,233"];
	Node16 [label=MacToPhyInterface, height="0.22", width="1.50", color=black, fillcolor=white, style=filled, URL="$class_mac_to_phy_interface.html", tooltip="Defines the methods provided by the phy to the mac layer. ", pos="1032,218", rects="978,210,1087,226"];
	Node17 [label="Veins::Radio", height="0.22", width="0.97", color=black, fillcolor=white, style=filled, URL="$class_veins_1_1_radio.html", pos="1032,122", rects="997,114,1067,130"];
	Node18 [label=RadioStateAnalogueModel, height="0.22", width="1.97", color=black, fillcolor=white, style=filled, URL="$class_radio_state_analogue_model.html", tooltip="This special AnalogueModel provides filtering of a Signal according to the actual RadioStates the Rad...", pos="798,122", rects="727,114,869,130"];
	Node19 [label=AnalogueModel, height="0.22", width="1.22", color=black, fillcolor=white, style=filled, URL="$class_analogue_model.html", tooltip="Interface for the analogue models of the physical layer. ", pos="520,122", rects="476,114,565,130"];
	Node20 [label=ConstantSimpleConstMapping, height="0.22", width="2.22", color=black, fillcolor=white, style=filled, URL="$class_constant_simple_const_mapping.html", tooltip="Represents a constant mathematical mapping (f(x) = c) ", pos="1032,18", rects="952,10,1112,26"];
	Node21 [label=SimpleConstMapping, height="0.22", width="1.61", color=black, fillcolor=white, style=filled, URL="$class_simple_const_mapping.html", tooltip="Abstract subclass of ConstMapping which can be used as base for any ConstMapping implementation with ...", pos="798,18", rects="740,10,856,26"];
	Node22 [label=ConstMapping, height="0.22", width="1.14", color=black, fillcolor=white, style=filled, URL="$class_const_mapping.html", tooltip="Represents a not changeable mapping (mathematical function) from domain with at least the time to a A...", pos="520,18", rects="479,10,562,26"];
	Node23 [label=DimensionSet, height="0.22", width="1.06", color=black, fillcolor=white, style=filled, URL="$class_dimension_set.html", tooltip="Represents a set of dimensions which is used to define over which dimensions a mapping is defined (th...", pos="301,18", rects="263,10,340,26"];
	Node24 [label="std::set\< Dimension \>", height="0.22", width="1.56", color=grey75, fillcolor=white, style=filled, pos="65,18", rects="9,10,122,26"];
	Node25 [label=ChannelInfo, height="0.22", width="1.00", color=black, fillcolor=white, style=filled, URL="$class_channel_info.html", tooltip="This class is used by the BasePhyLayer to keep track of the AirFrames on the channel. ", pos="1032,70", rects="996,62,1069,78"];
	Node26 [label=Decider, height="0.22", width="0.64", color=black, fillcolor=white, style=filled, URL="$class_decider.html", tooltip="The basic Decider class. ", pos="1032,179", rects="1009,171,1056,187"];
	Node2 -> Node1 [dir=back, color=midnightblue, style=solid, pos="s,1090,428 1099,426 1103,424 1108,423 1112,421 1170,392 1182,373 1210,316 1231,273 1199,248 1228,212 1231,209 1234,206 1237,204"];
	Node3 -> Node2 [dir=back, color=midnightblue, style=solid, pos="s,853,503 862,501 866,500 870,499 874,497 876,496 951,440 952,440 959,437 967,435 974,433"];
	Node4 -> Node3 [dir=back, color=midnightblue, style=solid, pos="s,337,513 346,515 350,517 352,518 358,519 511,542 556,563 704,525 713,522 714,517 722,515 729,513 736,511 743,510"];
	Node5 -> Node4 [dir=back, color=midnightblue, style=solid, pos="s,108,411 117,413 119,414 120,414 122,415 190,438 196,468 262,495 264,496 266,496 268,497"];
	Node6 -> Node4 [dir=back, color=midnightblue, style=solid, pos="s,92,505 101,505 146,505 221,505 265,505"];
	Node7 -> Node4 [dir=back, color=darkorchid3, style=dashed, label=" catHostStateSignal", pos="s,111,567 120,566 120,565 121,565 122,565 187,549 199,534 262,515 264,514 266,514 268,513", lp="192,567"];
	Node8 -> Node3 [dir=back, color=darkorchid3, style=dashed, label=" battery", pos="s,555,505 565,505 613,505 691,505 743,505", lp="659,513"];
	Node4 -> Node8 [dir=back, color=midnightblue, style=solid, pos="s,337,505 346,505 388,505 448,505 485,505"];
	Node9 -> Node2 [dir=back, color=darkgreen, style=solid, pos="s,874,444 883,443 914,440 947,437 974,434"];
	Node10 -> Node2 [dir=back, color=darkorchid3, style=dashed, label=" world", pos="s,846,300 855,301 862,303 868,306 874,309 887,316 940,404 952,412 958,415 970,418 983,421", lp="913,394"];
	Node5 -> Node10 [dir=back, color=midnightblue, style=solid, pos="s,108,401 117,399 119,398 120,398 122,397 192,368 190,323 262,301 352,272 636,289 750,297"];
	Node11 -> Node10 [dir=back, color=darkorchid3, style=dashed, label=" playgroundSize", pos="s,540,317 548,316 596,313 692,308 750,304", lp="659,319"];
	Node12 -> Node11 [dir=back, color=midnightblue, style=solid, pos="s,325,318 334,318 381,318 462,318 500,318"];
	Node11 -> Node11 [dir=back, color=darkorchid3, style=dashed, label=" ZERO", pos="s,532,326 535,333 536,339 531,344 520,344 505,344 501,334 508,326", lp="520,352"];
	Node7 -> Node2 [dir=back, color=darkorchid3, style=dashed, label=" mobilityStateChangedSignal", pos="s,111,578 120,579 178,586 268,595 301,595 301,595 301,595 798,595 877,595 886,543 934,482 946,467 940,458 952,446 956,442 964,43\
9 974,437", lp="520,603"];
	Node13 -> Node2 [dir=back, color=darkorchid3, style=dashed, label=" cc", pos="s,865,410 875,411 894,413 914,414 934,417 943,417 944,418 952,420 959,421 967,422 974,423", lp="913,425"];
	Node5 -> Node13 [dir=back, color=midnightblue, style=solid, pos="s,108,407 117,407 247,407 586,407 731,407"];
	Node11 -> Node13 [dir=back, color=darkorchid3, style=dashed, label=" playgroundSize\nfindDistance", pos="s,540,319 549,320 563,321 580,323 596,326 609,328 695,356 704,365 717,375 709,388 722,398 725,400 728,402 731,403", lp="659,379"];
	Node14 -> Node13 [dir=back, color=darkorchid3, style=dashed, label=" gridDim", pos="s,587,444 596,443 629,437 669,430 704,421 713,418 714,416 722,415 725,414 728,414 731,413", lp="659,446"];
	Node15 -> Node1 [dir=back, color=midnightblue, style=solid, pos="s,861,230 870,231 896,232 925,234 952,235 1067,238 1100,256 1210,225 1211,224 1235,212 1252,204"];
	Node16 -> Node1 [dir=back, color=midnightblue, style=solid, pos="s,1087,217 1096,217 1130,216 1172,213 1210,208 1219,206 1220,205 1228,204"];
	Node10 -> Node1 [dir=back, color=darkorchid3, style=dashed, label=" world", pos="s,846,299 854,299 953,293 1150,278 1210,246 1226,237 1224,227 1237,216 1242,212 1249,207 1254,204", lp="1032,299"];
	Node17 -> Node1 [dir=back, color=darkorchid3, style=dashed, label=" radio", pos="s,1067,124 1077,125 1088,126 1101,128 1112,130 1157,139 1173,134 1210,161 1221,168 1218,176 1228,184 1230,185 1234,187 1238,188", lp="1170,169"];
	Node18 -> Node17 [dir=back, color=darkorchid3, style=dashed, label=" rsam", pos="s,869,122 878,122 918,122 965,122 997,122", lp="913,130"];
	Node19 -> Node18 [dir=back, color=midnightblue, style=solid, pos="s,565,122 575,122 618,122 680,122 727,122"];
	Node20 -> Node1 [dir=back, color=darkorchid3, style=dashed, label=" thermalNoise", pos="s,1112,13 1121,14 1153,17 1187,26 1210,50 1236,77 1222,95 1226,133 1228,144 1225,148 1228,160 1232,169 1233,172 1241,179 1245,18\
2 1251,185 1255,188", lp="1170,58"];
	Node21 -> Node20 [dir=back, color=midnightblue, style=solid, pos="s,856,18 865,18 892,18 923,18 952,18"];
	Node22 -> Node21 [dir=back, color=midnightblue, style=solid, pos="s,562,18 572,18 619,18 690,18 740,18"];
	Node23 -> Node22 [dir=back, color=darkorchid3, style=dashed, label=" dimensions", pos="s,340,18 350,18 388,18 441,18 478,18", lp="392,26"];
	Node24 -> Node23 [dir=back, color=midnightblue, style=solid, pos="s,122,18 132,18 173,18 227,18 262,18"];
	Node23 -> Node23 [dir=back, color=darkorchid3, style=dashed, label=" timeDomain\ntimeFreqDomain", pos="s,324,26 329,31 333,37 324,44 301,44 273,44 266,34 278,26", lp="301,58"];
	Node25 -> Node1 [dir=back, color=darkorchid3, style=dashed, label=" channelInfo", pos="s,1069,67 1077,67 1117,67 1176,75 1210,111 1232,133 1208,154 1228,178 1232,182 1236,185 1241,188", lp="1170,119"];
	Node26 -> Node1 [dir=back, color=darkorchid3, style=dashed, label=" decider", pos="s,1056,179 1066,179 1102,180 1160,183 1210,188 1216,188 1222,189 1228,190", lp="1170,196"];
	Node15 -> Node26 [dir=back, color=darkorchid3, style=dashed, label=" phy", pos="s,861,219 870,218 871,218 873,217 874,217 911,208 916,195 952,187 971,182 992,180 1008,179", lp="913,219"];
}
