digraph "TraCIDemo11p::sendWSM" {
	graph [rankdir=LR];
	node [label="\N", fontname=Helvetica, fontsize=10, shape=record];
	edge [fontname=Helvetica, fontsize=10, labelfontname=Helvetica, labelfontsize=10];
	graph [bb="0,0,536,16"];
	Node1 [label="TraCIDemo11p::sendWSM", height="0.22", width="1.89", color=black, fillcolor=grey75, style=filled, fontcolor=black, pos="76,8", rects="8,0,144,16"];
	Node2 [label="BaseApplLayer::sendDelayedDown", height="0.22", width="2.53", color=black, fillcolor=white, style=filled, URL="$class_base_appl_layer.html#a08d91ffcf2598556db4dd3ba845e4979", tooltip="Sends a message delayed to the lower layer. ", pos="272,8", rects="181,0,364,16"];
	Node3 [label="BaseLayer::recordPacket", height="0.22", width="1.78", color=black, fillcolor=white, style=filled, URL="$class_base_layer.html#a33f4f320f4b6c4ec48651847338ff47f", pos="464,8", rects="400,0,528,16"];
	Node1 -> Node2 [color=midnightblue, style=solid, pos="e,180,8 144,8 153,8 161,8 170,8"];
	Node2 -> Node3 [color=midnightblue, style=solid, pos="e,400,8 364,8 373,8 381,8 390,8"];
}
