digraph "Veins::TraCICommandInterface::addPoi" {
	graph [rankdir=LR];
	node [label="\N", fontname=Helvetica, fontsize=10, shape=record];
	edge [fontname=Helvetica, fontsize=10, labelfontname=Helvetica, labelfontsize=10];
	graph [bb="0,0,1298,226"];
	Node1 [label="Veins::TraCICommandInterface\l::addPoi", height="0.39", width="2.31", color=black, fillcolor=grey75, style=filled, fontcolor=black, pos="92,118", rects="9,104,176,132"];
	Node2 [label="Veins::AnnotationManager\l::show", height="0.39", width="1.97", color=black, fillcolor=white, style=filled, URL="$class_veins_1_1_annotation_manager.html#a87ffa1c7edbccb8372a4551b73c73def", pos="283,118", rects="212,104,354,132"];
	Node3 [label="Veins::AnnotationManager\l::drawLine", height="0.39", width="1.97", color=black, fillcolor=white, style=filled, URL="$class_veins_1_1_annotation_manager.html#a4e92e8dd00db918dda24085571ef234e", pos="461,187", rects="390,173,532,201"];
	Node4 [label="Veins::AnnotationManager\l::addFromXml", height="0.39", width="1.97", color=black, fillcolor=white, style=filled, URL="$class_veins_1_1_annotation_manager.html#a946e1967906528815fbe61cb8cfb2986", tooltip="adds Annotations from an XML document; example below. ", pos="641,143", rects="570,129,712,157"];
	Node5 [label="Veins::AnnotationManager\l::initialize", height="0.39", width="1.97", color=black, fillcolor=white, style=filled, URL="$class_veins_1_1_annotation_manager.html#a4e45767a1dabba9ee81112336be01786", pos="828,146", rects="757,132,899,160"];
	Node6 [label="TraCIDemoRSU11p::onData", height="0.22", width="2.00", color=black, fillcolor=white, style=filled, URL="$class_tra_c_i_demo_r_s_u11p.html#ac9d01a67de93ec7f9e64ce7c664c370f", pos="641,218", rects="569,210,714,226"];
	Node7 [label="TraCIDemo11p::onData", height="0.22", width="1.67", color=black, fillcolor=white, style=filled, URL="$class_tra_c_i_demo11p.html#a73a6ca11b60eeb8ca9a523e382787a72", pos="641,184", rects="581,176,702,192"];
	Node8 [label="Veins::AnnotationManager\l::drawPoint", height="0.39", width="1.97", color=black, fillcolor=white, style=filled, URL="$class_veins_1_1_annotation_manager.html#ae661e9164bc6810b5296e330a6923cc5", pos="461,141", rects="390,127,532,155"];
	Node9 [label="Veins::AnnotationManager\l::drawPolygon", height="0.39", width="1.97", color=black, fillcolor=white, style=filled, URL="$class_veins_1_1_annotation_manager.html#a250a47fb5e1390f8b4de2128a4aed175", pos="461,95", rects="390,81,532,109"];
	Node10 [label="Veins::ObstacleControl::add", height="0.22", width="1.94", color=black, fillcolor=white, style=filled, URL="$class_veins_1_1_obstacle_control.html#a206a6e9155d1b201841d0718e65ed30f", pos="641,100", rects="571,92,711,108"];
	Node11 [label="Veins::ObstacleControl\l::addFromXml", height="0.39", width="1.67", color=black, fillcolor=white, style=filled, URL="$class_veins_1_1_obstacle_control.html#a1e5fceb8e8d9616622cc12551231c9d3", pos="828,54", rects="768,40,888,68"];
	Node12 [label="Veins::ObstacleControl\l::initialize", height="0.39", width="1.67", color=black, fillcolor=white, style=filled, URL="$class_veins_1_1_obstacle_control.html#a199ba1a4bd7eb58b6365fcaa5c0b1a90", pos="1020,54", rects="960,40,1080,68"];
	Node13 [label="Veins::TraCIScenarioManager\l::init_traci", height="0.39", width="2.17", color=black, fillcolor=white, style=filled, URL="$class_veins_1_1_tra_c_i_scenario_manager.html#a5389f3fc889b1fe3fd126c33a7d9ae36", pos="828,100", rects="750,86,906,114"];
	Node14 [label="Veins::TraCIScenarioManager\l::handleSelfMsg", height="0.39", width="2.17", color=black, fillcolor=white, style=filled, URL="$class_veins_1_1_tra_c_i_scenario_manager.html#a86a0b91aab8823c087c33b99f3a06b1f", pos="1020,100", rects="942,86,1098,114"];
	Node15 [label="Veins::TraCIScenarioManager\l::handleMessage", height="0.39", width="2.17", color=black, fillcolor=white, style=filled, URL="$class_veins_1_1_tra_c_i_scenario_manager.html#a7ca227c28f036e04e42ef08d1639dbf1", pos="1212,100", rects="1134,86,1290,114"];
	Node16 [label="Veins::TraCIScenarioManager\lLaunchd::init_traci", height="0.39", width="2.17", color=black, fillcolor=white, style=filled, URL="$class_veins_1_1_tra_c_i_scenario_manager_launchd.html#a4c5b4cac20e03a2e333fd3e49a6a7e0e", pos="1020,146", rects="942,132,1098,160"];
	Node17 [label="Veins::AnnotationManager\l::drawPolygon", height="0.39", width="1.97", color=black, fillcolor=white, style=filled, URL="$class_veins_1_1_annotation_manager.html#a09a32830153c4132dc54290197b94dba", pos="641,60", rects="570,46,712,74"];
	Node18 [label="Veins::AnnotationManager\l::showAll", height="0.39", width="1.97", color=black, fillcolor=white, style=filled, URL="$class_veins_1_1_annotation_manager.html#a5aeb55b31919c887fce7332cd8d98152", pos="461,32", rects="390,18,532,46"];
	Node19 [label="Veins::AnnotationManager\l::handleParameterChange", height="0.39", width="1.97", color=black, fillcolor=white, style=filled, URL="$class_veins_1_1_annotation_manager.html#a8bf0a36cd6e242341fa5a5b39fefd898", pos="641,14", rects="570,0,712,28"];
	Node1 -> Node2 [dir=back, color=midnightblue, style=solid, pos="s,176,118 186,118 195,118 203,118 212,118"];
	Node2 -> Node3 [dir=back, color=midnightblue, style=solid, pos="s,355,132 363,138 375,149 372,162 390,173"];
	Node3 -> Node4 [dir=back, color=midnightblue, style=solid, pos="s,532,173 541,170 551,165 555,161 568,157 569,157 569,157 570,156"];
	Node4 -> Node5 [dir=back, color=midnightblue, style=solid, pos="s,712,144 722,144 734,144 745,145 757,145"];
	Node3 -> Node6 [dir=back, color=midnightblue, style=solid, pos="s,532,201 540,203 551,205 555,208 568,210"];
	Node3 -> Node7 [dir=back, color=midnightblue, style=solid, pos="s,532,186 540,186 554,186 568,185 580,185"];
	Node2 -> Node8 [dir=back, color=midnightblue, style=solid, pos="s,354,127 363,128 372,130 381,130 390,132"];
	Node8 -> Node4 [dir=back, color=midnightblue, style=solid, pos="s,532,142 542,142 551,142 560,142 570,142"];
	Node2 -> Node9 [dir=back, color=midnightblue, style=solid, pos="s,354,109 363,108 372,106 381,106 390,104"];
	Node9 -> Node10 [dir=back, color=midnightblue, style=solid, pos="s,532,97 542,97 552,97 561,98 571,98"];
	Node10 -> Node11 [dir=back, color=midnightblue, style=solid, pos="s,711,93 720,90 733,84 735,75 750,68 756,66 762,64 768,62"];
	Node11 -> Node12 [dir=back, color=midnightblue, style=solid, pos="s,888,54 898,54 918,54 940,54 960,54"];
	Node10 -> Node13 [dir=back, color=midnightblue, style=solid, pos="s,711,100 720,100 730,100 740,100 750,100"];
	Node13 -> Node14 [dir=back, color=midnightblue, style=solid, pos="s,906,100 916,100 925,100 933,100 942,100"];
	Node14 -> Node15 [dir=back, color=midnightblue, style=solid, pos="s,1098,100 1108,100 1117,100 1125,100 1134,100"];
	Node13 -> Node16 [dir=back, color=midnightblue, style=solid, pos="s,906,114 914,117 925,122 929,127 942,132"];
	Node9 -> Node4 [dir=back, color=midnightblue, style=solid, pos="s,532,109 540,112 551,118 554,123 568,129 569,129 569,129 570,130"];
	Node9 -> Node17 [dir=back, color=midnightblue, style=solid, pos="s,532,81 541,79 550,78 559,76 568,74 569,74 569,74 570,74"];
	Node2 -> Node18 [dir=back, color=midnightblue, style=solid, pos="s,354,104 361,99 377,82 368,62 390,46"];
	Node18 -> Node19 [dir=back, color=midnightblue, style=solid, pos="s,532,25 542,24 551,23 560,22 570,21"];
}
