digraph "BaseLayer::handleMessage" {
	graph [rankdir=LR];
	node [label="\N", fontname=Helvetica, fontsize=10, shape=record];
	edge [fontname=Helvetica, fontsize=10, labelfontname=Helvetica, labelfontsize=10];
	graph [bb="0,0,360,186"];
	Node1 [label="BaseLayer::handleMessage", height="0.22", width="1.92", color=black, fillcolor=grey75, style=filled, fontcolor=black, pos="78,93", rects="9,85,148,101"];
	Node2 [label="BaseLayer::handleSelfMsg", height="0.22", width="1.92", color=black, fillcolor=white, style=filled, URL="$class_base_layer.html#a87d7e1e5aa73216f07e35d7be4358924", tooltip="Handle self messages such as timer... ", pos="268,178", rects="199,170,338,186"];
	Node3 [label="BaseLayer::recordPacket", height="0.22", width="1.78", color=black, fillcolor=white, style=filled, URL="$class_base_layer.html#a33f4f320f4b6c4ec48651847338ff47f", pos="268,144", rects="204,136,332,152"];
	Node4 [label="BaseLayer::handleUpperMsg", height="0.22", width="2.08", color=black, fillcolor=white, style=filled, URL="$class_base_layer.html#a8c0fcfb2e806357a65d5bdb1c338627b", tooltip="Handle messages from upper layer. ", pos="268,110", rects="193,102,344,118"];
	Node5 [label="BaseLayer::handleUpperControl", height="0.22", width="2.31", color=black, fillcolor=white, style=filled, URL="$class_base_layer.html#ab412568faae75040194e01d5e541dd67", tooltip="Handle control messages from upper layer. ", pos="268,76", rects="185,68,352,84"];
	Node6 [label="BaseLayer::handleLowerControl", height="0.22", width="2.31", color=black, fillcolor=white, style=filled, URL="$class_base_layer.html#aa37925527fae20a5de1a755103056219", tooltip="Handle control messages from lower layer. ", pos="268,42", rects="185,34,352,50"];
	Node7 [label="BaseLayer::handleLowerMsg", height="0.22", width="2.11", color=black, fillcolor=white, style=filled, URL="$class_base_layer.html#a5ca2278405070baa474dfbf059930247", tooltip="Handle messages from lower layer. ", pos="268,8", rects="192,0,344,16"];
	Node1 -> Node2 [color=midnightblue, style=solid, pos="e,198,177 148,101 177,120 156,150 184,170 186,171 188,172 190,173"];
	Node1 -> Node3 [color=midnightblue, style=solid, pos="e,204,142 148,101 169,110 164,126 184,136 187,138 191,139 194,140"];
	Node1 -> Node4 [color=midnightblue, style=solid, pos="e,192,103 148,99 159,100 171,101 182,102"];
	Node1 -> Node5 [color=midnightblue, style=solid, pos="e,184,84 148,87 157,86 165,86 174,85"];
	Node1 -> Node6 [color=midnightblue, style=solid, pos="e,184,50 148,85 166,77 165,64 176,55"];
	Node1 -> Node7 [color=midnightblue, style=solid, pos="e,192,12 148,85 177,65 157,36 183,17"];
}
