digraph "BaseDelayedIterator::jumpTo" {
	graph [rankdir=LR];
	node [label="\N", fontname=Helvetica, fontsize=10, shape=record];
	edge [fontname=Helvetica, fontsize=10, labelfontname=Helvetica, labelfontsize=10];
	graph [bb="0,0,560,74"];
	Node1 [label="BaseDelayedIterator\l::jumpTo", height="0.39", width="1.50", color=black, fillcolor=grey75, style=filled, fontcolor=black, pos="63,37", rects="9,23,118,51"];
	Node2 [label="BaseDelayedIterator\l::undelayPosition", height="0.39", width="1.50", color=black, fillcolor=white, style=filled, URL="$class_base_delayed_iterator.html#adc48153655a44a6cb038437df65dd8d8", pos="355,60", rects="301,46,410,74"];
	Node3 [label="Argument::setTime", height="0.22", width="1.42", color=black, fillcolor=white, style=filled, URL="$class_argument.html#a8087982f050bdc61d787b128ca9ac8f9", tooltip="Changes the time value of this argument. ", pos="499,57", rects="448,49,551,65"];
	Node4 [label="Argument::getTime", height="0.22", width="1.44", color=black, fillcolor=white, style=filled, URL="$class_argument.html#a2ecb3b041b5b8721d6767531e4ac792a", tooltip="Returns the time value of this argument. ", pos="499,20", rects="447,12,552,28"];
	Node5 [label="BaseDelayedIterator\l::updatePosition", height="0.39", width="1.50", color=black, fillcolor=white, style=filled, URL="$class_base_delayed_iterator.html#a13b0a9510f63d62886e3359f5f1bcdb1", pos="209,16", rects="155,2,264,30"];
	Node6 [label="BaseDelayedIterator\l::delayPosition", height="0.39", width="1.50", color=black, fillcolor=white, style=filled, URL="$class_base_delayed_iterator.html#a2f79592eaa15f47a5c2758572ed58ce0", pos="355,14", rects="301,0,410,28"];
	Node1 -> Node2 [color=midnightblue, style=solid, pos="e,300,56 118,41 167,45 239,51 291,55"];
	Node2 -> Node3 [color=midnightblue, style=solid, pos="e,447,58 410,59 419,59 428,58 437,58"];
	Node2 -> Node4 [color=midnightblue, style=solid, pos="e,446,28 410,46 423,41 427,36 436,32"];
	Node1 -> Node5 [color=midnightblue, style=solid, pos="e,154,24 118,29 127,28 135,26 144,25"];
	Node5 -> Node6 [color=midnightblue, style=solid, pos="e,300,15 264,15 273,15 281,15 290,15"];
	Node6 -> Node3 [color=midnightblue, style=solid, pos="e,447,49 410,28 425,34 428,39 438,45"];
	Node6 -> Node4 [color=midnightblue, style=solid, pos="e,446,18 410,16 419,17 428,17 436,17"];
}
