digraph "MultiDimMapping::createSubSignal" {
	graph [rankdir=LR];
	node [label="\N", fontname=Helvetica, fontsize=10, shape=record];
	edge [fontname=Helvetica, fontsize=10, labelfontname=Helvetica, labelfontsize=10];
	graph [bb="0,0,374,200"];
	Node1 [label="MultiDimMapping::createSub\lSignal", height="0.39", width="2.14", color=black, fillcolor=grey75, style=filled, fontcolor=black, pos="86,106", rects="9,92,164,120"];
	Node2 [label="FilledUpMapping::appendValue", height="0.22", width="2.31", color=black, fillcolor=white, style=filled, URL="$class_filled_up_mapping.html#a115d30d5ca3f2f0acb43beb86a498332", tooltip="Appends the passed value at the passed position to the mapping. ", pos="283,192", rects="200,184,366,200"];
	Node3 [label="FilledUpMapping::createSub\lSignal", height="0.39", width="2.06", color=black, fillcolor=white, style=filled, URL="$class_filled_up_mapping.html#a46a248189b439d4a682b8fb78e9c0fbd", pos="283,152", rects="209,138,357,166"];
	Node4 [label="FilledUpMapping::fillRef\lIfNecessary", height="0.39", width="1.86", color=black, fillcolor=white, style=filled, URL="$class_filled_up_mapping.html#aa6a4087b7ecb1be68dade630c328ccc6", pos="283,106", rects="216,92,350,120"];
	Node5 [label="MultiDimMappingIterator\l\< Linear \>::setValue", height="0.39", width="1.94", color=black, fillcolor=white, style=filled, URL="$class_multi_dim_mapping_iterator.html#af1b499c6d24b81cee68e09ad224087c9", tooltip="Changes the value of the function at the current position. ", pos="283,60", rects="213,46,354,74"];
	Node6 [label="MultiDimMapping\< Linear\l \>::setValue", height="0.39", width="2.03", color=black, fillcolor=white, style=filled, URL="$singleton_multi_dim_mapping.html#a7b50181a1d5e38902c6468bc739f6aa7", tooltip="Changes the value of the Mapping at the specified position. ", pos="283,14", rects="210,0,357,28"];
	Node1 -> Node2 [dir=back, color=midnightblue, style=solid, pos="s,164,120 171,126 188,144 176,168 200,184"];
	Node1 -> Node3 [dir=back, color=midnightblue, style=solid, pos="s,164,120 173,123 182,128 187,133 200,138 203,139 206,140 209,140"];
	Node1 -> Node4 [dir=back, color=midnightblue, style=solid, pos="s,164,106 174,106 188,106 202,106 216,106"];
	Node1 -> Node5 [dir=back, color=midnightblue, style=solid, pos="s,164,92 173,88 182,83 187,78 200,74 204,73 208,71 212,70"];
	Node1 -> Node6 [dir=back, color=midnightblue, style=solid, pos="s,164,92 170,86 188,68 176,44 200,28 203,26 206,24 209,23"];
}
